-- Automatically generated by TPCDSQueryTestSuite

-- !query schema
struct<c_customer_id:string>
-- !query output
AAAAAAAAAAABAAAA
AAAAAAAAAAAHBAAA
AAAAAAAAAAAMAAAA
AAAAAAAAAAAOAAAA
AAAAAAAAAABCBAAA
AAAAAAAAAABEAAAA
AAAAAAAAAABFAAAA
AAAAAAAAAACFBAAA
AAAAAAAAAACFBAAA
AAAAAAAAAADBBAAA
AAAAAAAAAADOAAAA
AAAAAAAAAADPAAAA
AAAAAAAAAAEABAAA
AAAAAAAAAAEEAAAA
AAAAAAAAAAEGBAAA
AAAAAAAAAAENAAAA
AAAAAAAAAAFCBAAA
AAAAAAAAAAFEBAAA
AAAAAAAAAAFGAAAA
AAAAAAAAAAFLAAAA
AAAAAAAAAAFPAAAA
AAAAAAAAAAGCAAAA
AAAAAAAAAAGEAAAA
AAAAAAAAAAGIBAAA
AAAAAAAAAAGOAAAA
AAAAAAAAAAHABAAA
AAAAAAAAAAHGBAAA
AAAAAAAAAAHHAAAA
AAAAAAAAAAHMAAAA
AAAAAAAAAAHPAAAA
AAAAAAAAAAHPAAAA
AAAAAAAAAAHPAAAA
AAAAAAAAAAJAAAAA
AAAAAAAAAAJEBAAA
AAAAAAAAAAJMAAAA
AAAAAAAAAAJPAAAA
AAAAAAAAAAKBBAAA
AAAAAAAAAAKGBAAA
AAAAAAAAAAKHBAAA
AAAAAAAAAAKLAAAA
AAAAAAAAAALCAAAA
AAAAAAAAAALJAAAA
AAAAAAAAAALJAAAA
AAAAAAAAAAMABAAA
AAAAAAAAAAMGAAAA
AAAAAAAAAAMLAAAA
AAAAAAAAAAMMAAAA
AAAAAAAAAANHBAAA
AAAAAAAAAANMAAAA
AAAAAAAAAAOBBAAA
AAAAAAAAAAPDAAAA
AAAAAAAAAAPKAAAA
AAAAAAAAAAPLAAAA
AAAAAAAAABANAAAA
AAAAAAAAABCCBAAA
AAAAAAAAABCGAAAA
AAAAAAAAABDABAAA
AAAAAAAAABDBAAAA
AAAAAAAAABDEAAAA
AAAAAAAAABDEBAAA
AAAAAAAAABDEBAAA
AAAAAAAAABDFBAAA
AAAAAAAAABDOAAAA
AAAAAAAAABDOAAAA
AAAAAAAAABEBBAAA
AAAAAAAAABEDAAAA
AAAAAAAAABEEAAAA
AAAAAAAAABEEBAAA
AAAAAAAAABEIBAAA
AAAAAAAAABEOAAAA
AAAAAAAAABFFBAAA
AAAAAAAAABFHAAAA
AAAAAAAAABFNAAAA
AAAAAAAAABFOAAAA
AAAAAAAAABGAAAAA
AAAAAAAAABHDBAAA
AAAAAAAAABHGAAAA
AAAAAAAAABHGBAAA
AAAAAAAAABHLAAAA
AAAAAAAAABIAAAAA
AAAAAAAAABIBAAAA
AAAAAAAAABIDBAAA
AAAAAAAAABIEBAAA
AAAAAAAAABKLAAAA
AAAAAAAAABKNAAAA
AAAAAAAAABKNAAAA
AAAAAAAAABLJAAAA
AAAAAAAAABLNAAAA
AAAAAAAAABMAAAAA
AAAAAAAAABMEBAAA
AAAAAAAAABMPAAAA
AAAAAAAAABNABAAA
AAAAAAAAABNBAAAA
AAAAAAAAABNEAAAA
AAAAAAAAABNEAAAA
AAAAAAAAABNGAAAA
AAAAAAAAABNNAAAA
AAAAAAAAABOEAAAA
AAAAAAAAABOGBAAA
AAAAAAAAABPABAAA
