-- Automatically generated by TPCDSQueryTestSuite

-- !query schema
struct<i_item_id:string,i_item_desc:string,s_store_id:string,s_store_name:string,store_sales_quantity:bigint,store_returns_quantity:bigint,catalog_sales_quantity:bigint>
-- !query output
AAAAAAAADIFDAAAA	Now christian papers believe very major, new branches. Annual wars include harshly so-called sites. 	AAAAAAAAHAAAAAAA	ation	11	10	13
AAAAAAAANNBEAAAA	Old forces shall not think more than foreign earnings. Controls could carry almos	AAAAAAAACAAAAAAA	able	56	25	10
