-- Automatically generated by TPCDSQueryTestSuite

-- !query schema
struct<rnk:int,best_performing:string,worst_performing:string>
-- !query output
1	oughtantiought                                    	eingbarantiationought                             
2	barprin steing                                    	callyableationpri                                 
3	ableoughtantipriought                             	ablebarcallypriought                              
4	oughtcallyoughtation                              	callyn steseable                                  
5	oughteseesecally                                  	ableoughtbarn st                                  
6	eingationationanti                                	callyableoughtn st                                
7	ablecallyought                                    	barbarcallyableought                              
8	n steingprieseought                               	eseeingationeseought                              
9	priprieinganti                                    	bareseprieseought                                 
10	oughtcallybaroughtought                           	eingcallyantipri
