-- Automatically generated by TPCDSQueryTestSuite

-- !query schema
struct<brand_id:int,brand:string,ext_price:decimal(17,2)>
-- !query output
4002001	importoedu pack #x                                	141955.03
2001001	amalgimporto #x                                   	115066.00
2003001	exportiimporto #x                                 	96597.01
5003002	exportischolar #x                                 	93316.15
1002001	importoamalg #x                                   	85318.86
2002001	importoimporto #x                                 	85035.18
3003001	exportiexporti #x                                 	80017.81
2004001	edu packimporto #x                                	68604.08
9001008	amalgmaxi #x                                      	60900.34
4004001	edu packedu pack #x                               	58815.34
4003002	exportiedu pack #x                                	56587.37
6012003	importobrand #x                                   	55151.38
1001002	amalgamalg #x                                     	54471.07
3004001	edu packexporti #x                                	54057.61
3001001	amalgexporti #x                                   	52690.20
4003001	exportiedu pack #x                                	51021.71
5002002	importoscholar #x                                 	46601.52
8002007	importonameless #x                                	45983.92
6016003	corpbrand #x                                      	44911.30
1003001	exportiamalg #x                                   	44127.51
6014003	edu packbrand #x                                  	41310.31
7014009	edu packnameless #x                               	40891.96
7008004	namelessbrand #x                                  	36589.35
10001016	amalgunivamalg #x                                	36270.01
6016004	corpbrand #x                                      	36208.64
9013011	exportiunivamalg #x                              	35794.13
1003002	exportiamalg #x                                   	35113.55
1004002	edu packamalg #x                                  	34667.61
7016005	corpnameless #x                                   	33397.41
7014005	edu packnameless #x                               	33313.92
7012010	importonameless #x                               	32862.88
7012001	importonameless #x                                	32815.12
6001007	amalgcorp #x                                      	31948.28
3002001	importoexporti #x                                 	31518.29
8015001	scholarmaxi #x                                    	31235.19
10012006	importoamalgamalg #x                              	31123.11
6004004	edu packcorp #x                                   	29839.27
10009008	maxiunivamalg #x                                  	29180.04
5004001	edu packscholar #x                                	28912.61
9006011	corpmaxi #x                                      	26493.45
8014004	edu packmaxi #x                                   	26228.69
9012008	importounivamalg #x                               	25354.49
8015003	scholarmaxi #x                                    	23994.34
7013009	exportinameless #x                                	23887.30
2004002	edu packimporto #x                                	23778.49
6005005	scholarcorp #x                                    	23243.88
5001001	amalgscholar #x                                   	23043.20
8009007	maxinameless #x                                   	22910.03
8004009	edu packnameless #x                               	22679.38
9016002	corpunivamalg #x                                  	21881.94
8003001	exportinameless #x                                	21655.96
8004004	edu packnameless #x                               	20920.43
10010007	univamalgamalg #x                                 	20530.11
8007004	brandnameless #x                                  	19973.79
9015005	scholarunivamalg #x                               	19929.31
6004002	edu packcorp #x                                   	19890.20
10004005	edu packunivamalg #x                              	19819.04
9014008	edu packunivamalg #x                              	19700.99
5003001	exportischolar #x                                 	19595.76
7007006	brandbrand #x                                     	19541.72
8009001	maxinameless #x                                   	19474.02
2002002	importoimporto #x                                 	19249.25
8003002	exportinameless #x                                	18931.96
9016011	corpunivamalg #x                                 	18840.83
10012011	importoamalgamalg #x                             	18632.17
9004005	edu packmaxi #x                                   	17997.32
7003003	exportibrand #x                                   	16699.26
9011011	amalgunivamalg #x                                	16656.62
10008002	namelessunivamalg #x                              	16609.49
10016015	corpamalgamalg #x                                	16397.21
8008001	namelessnameless #x                               	15538.37
6004007	edu packcorp #x                                   	15474.56
7006001	corpbrand #x                                      	15365.31
6010003	univbrand #x                                      	15337.21
1001001	amalgamalg #x                                     	14813.15
9012003	importounivamalg #x                               	14033.76
8015008	scholarmaxi #x                                    	13408.30
6002005	importocorp #x                                    	13393.21
7010009	univnameless #x                                   	13359.47
10010002	univamalgamalg #x                                 	13288.24
8014003	edu packmaxi #x                                   	13137.78
10001009	amalgunivamalg #x                                 	12326.55
5001002	amalgscholar #x                                   	12319.21
5002001	importoscholar #x                                 	12023.80
8005010	scholarnameless #x                               	12017.53
6008005	namelesscorp #x                                   	11908.45
3001002	amalgexporti #x                                   	11679.83
10008006	namelessunivamalg #x                              	11503.15
10014009	edu packamalgamalg #x                             	11462.45
10007017	brandunivamalg #x                                	11188.38
7002004	importobrand #x                                   	10699.51
7001006	amalgbrand #x                                     	10166.47
10004009	edu packunivamalg #x                              	9913.46
10002011	importounivamalg #x                              	9828.64
3003002	exportiexporti #x                                 	9521.40
10014017	edu packamalgamalg #x                            	9150.09
6002003	importocorp #x                                    	8810.78
6001005	amalgcorp #x                                      	8582.71
4001001	amalgedu pack #x                                  	8362.72
8004002	edu packnameless #x                               	8010.27
