-- Automatically generated by TPCDSQueryTestSuite

-- !query schema
struct<promotions:decimal(17,2),total:decimal(17,2),((CAST(promotions AS DECIMAL(15,4)) / CAST(total AS DECIMAL(15,4))) * 100):decimal(38,19)>
-- !query output
2574995.94	5792384.50	44.4548517108972997220
