-- Automatically generated by TPCDSQueryTestSuite

-- !query schema
struct<i_item_id:string,i_item_desc:string,i_current_price:decimal(7,2)>
-- !query output
AAAAAAAAEIJBAAAA	New games used to suggest. Annual, legal expenses see male pubs; almost early offences must come from the heads. En route small conditions underestimate e	64.55
AAAAAAAAELDEAAAA	Methods get hours. American, great schools l	89.24
AAAAAAAAMOCDAAAA	Colours think. Partial, rich things would not appeal extremely open students. New, working magis	66.03
AAAAAAAAOIOBAAAA	Just open variables used to mind well also new 	65.54
