-- Automatically generated by SQLQueryTestSuite
-- !query
SELECT 1 FROM "not_exist"
-- !query schema
struct<>
-- !query output
org.apache.spark.sql.catalyst.ExtendedAnalysisException
{
  "errorClass" : "TABLE_OR_VIEW_NOT_FOUND",
  "sqlState" : "42P01",
  "messageParameters" : {
    "relationName" : "`not_exist`"
  },
  "queryContext" : [ {
    "objectType" : "",
    "objectName" : "",
    "startIndex" : 15,
    "stopIndex" : 25,
    "fragment" : "\"not_exist\""
  } ]
}


-- !query
USE SCHEMA "not_exist"
-- !query schema
struct<>
-- !query output
org.apache.spark.sql.catalyst.analysis.NoSuchNamespaceException
{
  "errorClass" : "SCHEMA_NOT_FOUND",
  "sqlState" : "42704",
  "messageParameters" : {
    "schemaName" : "`spark_catalog`.`not_exist`"
  }
}


-- !query
ALTER TABLE "not_exist" ADD COLUMN not_exist int
-- !query schema
struct<>
-- !query output
org.apache.spark.sql.catalyst.ExtendedAnalysisException
{
  "errorClass" : "TABLE_OR_VIEW_NOT_FOUND",
  "sqlState" : "42P01",
  "messageParameters" : {
    "relationName" : "`not_exist`"
  },
  "queryContext" : [ {
    "objectType" : "",
    "objectName" : "",
    "startIndex" : 13,
    "stopIndex" : 23,
    "fragment" : "\"not_exist\""
  } ]
}


-- !query
ALTER TABLE not_exist ADD COLUMN "not_exist" int
-- !query schema
struct<>
-- !query output
org.apache.spark.sql.catalyst.ExtendedAnalysisException
{
  "errorClass" : "TABLE_OR_VIEW_NOT_FOUND",
  "sqlState" : "42P01",
  "messageParameters" : {
    "relationName" : "`not_exist`"
  },
  "queryContext" : [ {
    "objectType" : "",
    "objectName" : "",
    "startIndex" : 13,
    "stopIndex" : 21,
    "fragment" : "not_exist"
  } ]
}


-- !query
SELECT 1 AS "not_exist" FROM not_exist
-- !query schema
struct<>
-- !query output
org.apache.spark.sql.catalyst.ExtendedAnalysisException
{
  "errorClass" : "TABLE_OR_VIEW_NOT_FOUND",
  "sqlState" : "42P01",
  "messageParameters" : {
    "relationName" : "`not_exist`"
  },
  "queryContext" : [ {
    "objectType" : "",
    "objectName" : "",
    "startIndex" : 30,
    "stopIndex" : 38,
    "fragment" : "not_exist"
  } ]
}


-- !query
SELECT 1 FROM not_exist AS X("hello")
-- !query schema
struct<>
-- !query output
org.apache.spark.sql.catalyst.ExtendedAnalysisException
{
  "errorClass" : "TABLE_OR_VIEW_NOT_FOUND",
  "sqlState" : "42P01",
  "messageParameters" : {
    "relationName" : "`not_exist`"
  },
  "queryContext" : [ {
    "objectType" : "",
    "objectName" : "",
    "startIndex" : 15,
    "stopIndex" : 23,
    "fragment" : "not_exist"
  } ]
}


-- !query
SELECT "not_exist"()
-- !query schema
struct<>
-- !query output
org.apache.spark.sql.AnalysisException
{
  "errorClass" : "UNRESOLVED_ROUTINE",
  "sqlState" : "42883",
  "messageParameters" : {
    "routineName" : "`not_exist`",
    "searchPath" : "[`system`.`builtin`, `system`.`session`, `spark_catalog`.`default`]"
  },
  "queryContext" : [ {
    "objectType" : "",
    "objectName" : "",
    "startIndex" : 8,
    "stopIndex" : 20,
    "fragment" : "\"not_exist\"()"
  } ]
}


-- !query
SELECT "not_exist".not_exist()
-- !query schema
struct<>
-- !query output
org.apache.spark.sql.AnalysisException
{
  "errorClass" : "UNRESOLVED_ROUTINE",
  "sqlState" : "42883",
  "messageParameters" : {
    "routineName" : "`not_exist`.`not_exist`",
    "searchPath" : "[`system`.`builtin`, `system`.`session`, `spark_catalog`.`default`]"
  },
  "queryContext" : [ {
    "objectType" : "",
    "objectName" : "",
    "startIndex" : 8,
    "stopIndex" : 30,
    "fragment" : "\"not_exist\".not_exist()"
  } ]
}


-- !query
SELECT 1 FROM `hello`
-- !query schema
struct<>
-- !query output
org.apache.spark.sql.catalyst.ExtendedAnalysisException
{
  "errorClass" : "TABLE_OR_VIEW_NOT_FOUND",
  "sqlState" : "42P01",
  "messageParameters" : {
    "relationName" : "`hello`"
  },
  "queryContext" : [ {
    "objectType" : "",
    "objectName" : "",
    "startIndex" : 15,
    "stopIndex" : 21,
    "fragment" : "`hello`"
  } ]
}


-- !query
USE SCHEMA `not_exist`
-- !query schema
struct<>
-- !query output
org.apache.spark.sql.catalyst.analysis.NoSuchNamespaceException
{
  "errorClass" : "SCHEMA_NOT_FOUND",
  "sqlState" : "42704",
  "messageParameters" : {
    "schemaName" : "`spark_catalog`.`not_exist`"
  }
}


-- !query
ALTER TABLE `not_exist` ADD COLUMN not_exist int
-- !query schema
struct<>
-- !query output
org.apache.spark.sql.catalyst.ExtendedAnalysisException
{
  "errorClass" : "TABLE_OR_VIEW_NOT_FOUND",
  "sqlState" : "42P01",
  "messageParameters" : {
    "relationName" : "`not_exist`"
  },
  "queryContext" : [ {
    "objectType" : "",
    "objectName" : "",
    "startIndex" : 13,
    "stopIndex" : 23,
    "fragment" : "`not_exist`"
  } ]
}


-- !query
ALTER TABLE not_exist ADD COLUMN `not_exist` int
-- !query schema
struct<>
-- !query output
org.apache.spark.sql.catalyst.ExtendedAnalysisException
{
  "errorClass" : "TABLE_OR_VIEW_NOT_FOUND",
  "sqlState" : "42P01",
  "messageParameters" : {
    "relationName" : "`not_exist`"
  },
  "queryContext" : [ {
    "objectType" : "",
    "objectName" : "",
    "startIndex" : 13,
    "stopIndex" : 21,
    "fragment" : "not_exist"
  } ]
}


-- !query
SELECT 1 AS `not_exist` FROM `not_exist`
-- !query schema
struct<>
-- !query output
org.apache.spark.sql.catalyst.ExtendedAnalysisException
{
  "errorClass" : "TABLE_OR_VIEW_NOT_FOUND",
  "sqlState" : "42P01",
  "messageParameters" : {
    "relationName" : "`not_exist`"
  },
  "queryContext" : [ {
    "objectType" : "",
    "objectName" : "",
    "startIndex" : 30,
    "stopIndex" : 40,
    "fragment" : "`not_exist`"
  } ]
}


-- !query
SELECT 1 FROM not_exist AS X(`hello`)
-- !query schema
struct<>
-- !query output
org.apache.spark.sql.catalyst.ExtendedAnalysisException
{
  "errorClass" : "TABLE_OR_VIEW_NOT_FOUND",
  "sqlState" : "42P01",
  "messageParameters" : {
    "relationName" : "`not_exist`"
  },
  "queryContext" : [ {
    "objectType" : "",
    "objectName" : "",
    "startIndex" : 15,
    "stopIndex" : 23,
    "fragment" : "not_exist"
  } ]
}


-- !query
SELECT `not_exist`()
-- !query schema
struct<>
-- !query output
org.apache.spark.sql.AnalysisException
{
  "errorClass" : "UNRESOLVED_ROUTINE",
  "sqlState" : "42883",
  "messageParameters" : {
    "routineName" : "`not_exist`",
    "searchPath" : "[`system`.`builtin`, `system`.`session`, `spark_catalog`.`default`]"
  },
  "queryContext" : [ {
    "objectType" : "",
    "objectName" : "",
    "startIndex" : 8,
    "stopIndex" : 20,
    "fragment" : "`not_exist`()"
  } ]
}


-- !query
SELECT `not_exist`.not_exist()
-- !query schema
struct<>
-- !query output
org.apache.spark.sql.AnalysisException
{
  "errorClass" : "UNRESOLVED_ROUTINE",
  "sqlState" : "42883",
  "messageParameters" : {
    "routineName" : "`not_exist`.`not_exist`",
    "searchPath" : "[`system`.`builtin`, `system`.`session`, `spark_catalog`.`default`]"
  },
  "queryContext" : [ {
    "objectType" : "",
    "objectName" : "",
    "startIndex" : 8,
    "stopIndex" : 30,
    "fragment" : "`not_exist`.not_exist()"
  } ]
}


-- !query
SELECT "hello"
-- !query schema
struct<>
-- !query output
org.apache.spark.sql.catalyst.ExtendedAnalysisException
{
  "errorClass" : "UNRESOLVED_COLUMN.WITHOUT_SUGGESTION",
  "sqlState" : "42703",
  "messageParameters" : {
    "objectName" : "`hello`"
  },
  "queryContext" : [ {
    "objectType" : "",
    "objectName" : "",
    "startIndex" : 8,
    "stopIndex" : 14,
    "fragment" : "\"hello\""
  } ]
}


-- !query
CREATE TEMPORARY VIEW v(c1 COMMENT "hello") AS SELECT 1
-- !query schema
struct<>
-- !query output
org.apache.spark.sql.catalyst.parser.ParseException
{
  "errorClass" : "PARSE_SYNTAX_ERROR",
  "sqlState" : "42601",
  "messageParameters" : {
    "error" : "'\"hello\"'",
    "hint" : ""
  }
}


-- !query
DROP VIEW v
-- !query schema
struct<>
-- !query output
org.apache.spark.sql.catalyst.analysis.NoSuchTableException
{
  "errorClass" : "TABLE_OR_VIEW_NOT_FOUND",
  "sqlState" : "42P01",
  "messageParameters" : {
    "relationName" : "`spark_catalog`.`default`.`v`"
  }
}


-- !query
SELECT INTERVAL "1" YEAR
-- !query schema
struct<>
-- !query output
org.apache.spark.sql.catalyst.parser.ParseException
{
  "errorClass" : "PARSE_SYNTAX_ERROR",
  "sqlState" : "42601",
  "messageParameters" : {
    "error" : "'\"1\"'",
    "hint" : ""
  }
}


-- !query
SELECT 'hello'
-- !query schema
struct<hello:string>
-- !query output
hello


-- !query
CREATE TEMPORARY VIEW v(c1 COMMENT 'hello') AS SELECT 1
-- !query schema
struct<>
-- !query output



-- !query
DROP VIEW v
-- !query schema
struct<>
-- !query output



-- !query
SELECT INTERVAL '1' YEAR
-- !query schema
struct<INTERVAL '1' YEAR:interval year>
-- !query output
1-0


-- !query
CREATE SCHEMA "myschema"
-- !query schema
struct<>
-- !query output



-- !query
CREATE TEMPORARY VIEW "myview"("c1") AS
  WITH "v"("a") AS (SELECT 1) SELECT "a" FROM "v"
-- !query schema
struct<>
-- !query output



-- !query
SELECT "a1" AS "a2" FROM "myview" AS "atab"("a1")
-- !query schema
struct<a2:int>
-- !query output
1


-- !query
DROP TABLE "myview"
-- !query schema
struct<>
-- !query output



-- !query
DROP SCHEMA "myschema"
-- !query schema
struct<>
-- !query output

