-- Automatically generated by SQLQueryTestSuite
-- !query
SELECT i,AVG(v) OVER (ORDER BY i ROWS BETWEEN CURRENT ROW AND UNBOUNDED FOLLOWING)
  FROM (VALUES(1,1),(2,2),(3,NULL),(4,NULL)) t(i,v)
-- !query schema
struct<i:int,avg(v) OVER (ORDER BY i ASC NULLS FIRST ROWS BETWEEN CURRENT ROW AND UNBOUNDED FOLLOWING):double>
-- !query output
1	1.5
2	2.0
3	NULL
4	NULL


-- !query
SELECT i,AVG(v) OVER (ORDER BY i ROWS BETWEEN CURRENT ROW AND UNBOUNDED FOLLOWING)
  FROM (VALUES(1,1),(2,2),(3,NULL),(4,NULL)) t(i,v)
-- !query schema
struct<i:int,avg(v) OVER (ORDER BY i ASC NULLS FIRST ROWS BETWEEN CURRENT ROW AND UNBOUNDED FOLLOWING):double>
-- !query output
1	1.5
2	2.0
3	NULL
4	NULL


-- !query
SELECT i,AVG(v) OVER (ORDER BY i ROWS BETWEEN CURRENT ROW AND UNBOUNDED FOLLOWING)
  FROM (VALUES(1,1),(2,2),(3,NULL),(4,NULL)) t(i,v)
-- !query schema
struct<i:int,avg(v) OVER (ORDER BY i ASC NULLS FIRST ROWS BETWEEN CURRENT ROW AND UNBOUNDED FOLLOWING):double>
-- !query output
1	1.5
2	2.0
3	NULL
4	NULL


-- !query
SELECT i,AVG(v) OVER (ORDER BY i ROWS BETWEEN CURRENT ROW AND UNBOUNDED FOLLOWING)
  FROM (VALUES(1,1.5),(2,2.5),(3,NULL),(4,NULL)) t(i,v)
-- !query schema
struct<i:int,avg(v) OVER (ORDER BY i ASC NULLS FIRST ROWS BETWEEN CURRENT ROW AND UNBOUNDED FOLLOWING):decimal(6,5)>
-- !query output
1	2.00000
2	2.50000
3	NULL
4	NULL


-- !query
SELECT i,SUM(v) OVER (ORDER BY i ROWS BETWEEN CURRENT ROW AND UNBOUNDED FOLLOWING)
  FROM (VALUES(1,1),(2,2),(3,NULL),(4,NULL)) t(i,v)
-- !query schema
struct<i:int,sum(v) OVER (ORDER BY i ASC NULLS FIRST ROWS BETWEEN CURRENT ROW AND UNBOUNDED FOLLOWING):bigint>
-- !query output
1	3
2	2
3	NULL
4	NULL


-- !query
SELECT i,SUM(v) OVER (ORDER BY i ROWS BETWEEN CURRENT ROW AND UNBOUNDED FOLLOWING)
  FROM (VALUES(1,1),(2,2),(3,NULL),(4,NULL)) t(i,v)
-- !query schema
struct<i:int,sum(v) OVER (ORDER BY i ASC NULLS FIRST ROWS BETWEEN CURRENT ROW AND UNBOUNDED FOLLOWING):bigint>
-- !query output
1	3
2	2
3	NULL
4	NULL


-- !query
SELECT i,SUM(v) OVER (ORDER BY i ROWS BETWEEN CURRENT ROW AND UNBOUNDED FOLLOWING)
  FROM (VALUES(1,1),(2,2),(3,NULL),(4,NULL)) t(i,v)
-- !query schema
struct<i:int,sum(v) OVER (ORDER BY i ASC NULLS FIRST ROWS BETWEEN CURRENT ROW AND UNBOUNDED FOLLOWING):bigint>
-- !query output
1	3
2	2
3	NULL
4	NULL


-- !query
SELECT i,SUM(v) OVER (ORDER BY i ROWS BETWEEN CURRENT ROW AND UNBOUNDED FOLLOWING)
  FROM (VALUES(1,1.1),(2,2.2),(3,NULL),(4,NULL)) t(i,v)
-- !query schema
struct<i:int,sum(v) OVER (ORDER BY i ASC NULLS FIRST ROWS BETWEEN CURRENT ROW AND UNBOUNDED FOLLOWING):decimal(12,1)>
-- !query output
1	3.3
2	2.2
3	NULL
4	NULL


-- !query
SELECT SUM(n) OVER (ORDER BY i ROWS BETWEEN CURRENT ROW AND UNBOUNDED FOLLOWING)
  FROM (VALUES(1,1.01),(2,2),(3,3)) v(i,n)
-- !query schema
struct<sum(n) OVER (ORDER BY i ASC NULLS FIRST ROWS BETWEEN CURRENT ROW AND UNBOUNDED FOLLOWING):decimal(22,2)>
-- !query output
3.00
5.00
6.01


-- !query
SELECT i,COUNT(v) OVER (ORDER BY i ROWS BETWEEN CURRENT ROW AND UNBOUNDED FOLLOWING)
  FROM (VALUES(1,1),(2,2),(3,NULL),(4,NULL)) t(i,v)
-- !query schema
struct<i:int,count(v) OVER (ORDER BY i ASC NULLS FIRST ROWS BETWEEN CURRENT ROW AND UNBOUNDED FOLLOWING):bigint>
-- !query output
1	2
2	1
3	0
4	0


-- !query
SELECT i,COUNT(*) OVER (ORDER BY i ROWS BETWEEN CURRENT ROW AND UNBOUNDED FOLLOWING)
  FROM (VALUES(1,1),(2,2),(3,NULL),(4,NULL)) t(i,v)
-- !query schema
struct<i:int,count(1) OVER (ORDER BY i ASC NULLS FIRST ROWS BETWEEN CURRENT ROW AND UNBOUNDED FOLLOWING):bigint>
-- !query output
1	4
2	3
3	2
4	1


-- !query
SELECT VAR_POP(n) OVER (ORDER BY i ROWS BETWEEN CURRENT ROW AND UNBOUNDED FOLLOWING)
  FROM (VALUES(1,600),(2,470),(3,170),(4,430),(5,300)) r(i,n)
-- !query schema
struct<var_pop(n) OVER (ORDER BY i ASC NULLS FIRST ROWS BETWEEN CURRENT ROW AND UNBOUNDED FOLLOWING):double>
-- !query output
0.0
11266.666666666666
13868.750000000002
21703.999999999996
4225.0


-- !query
SELECT VAR_POP(n) OVER (ORDER BY i ROWS BETWEEN CURRENT ROW AND UNBOUNDED FOLLOWING)
  FROM (VALUES(1,600),(2,470),(3,170),(4,430),(5,300)) r(i,n)
-- !query schema
struct<var_pop(n) OVER (ORDER BY i ASC NULLS FIRST ROWS BETWEEN CURRENT ROW AND UNBOUNDED FOLLOWING):double>
-- !query output
0.0
11266.666666666666
13868.750000000002
21703.999999999996
4225.0


-- !query
SELECT VAR_POP(n) OVER (ORDER BY i ROWS BETWEEN CURRENT ROW AND UNBOUNDED FOLLOWING)
  FROM (VALUES(1,600),(2,470),(3,170),(4,430),(5,300)) r(i,n)
-- !query schema
struct<var_pop(n) OVER (ORDER BY i ASC NULLS FIRST ROWS BETWEEN CURRENT ROW AND UNBOUNDED FOLLOWING):double>
-- !query output
0.0
11266.666666666666
13868.750000000002
21703.999999999996
4225.0


-- !query
SELECT VAR_POP(n) OVER (ORDER BY i ROWS BETWEEN CURRENT ROW AND UNBOUNDED FOLLOWING)
  FROM (VALUES(1,600),(2,470),(3,170),(4,430),(5,300)) r(i,n)
-- !query schema
struct<var_pop(n) OVER (ORDER BY i ASC NULLS FIRST ROWS BETWEEN CURRENT ROW AND UNBOUNDED FOLLOWING):double>
-- !query output
0.0
11266.666666666666
13868.750000000002
21703.999999999996
4225.0


-- !query
SELECT VAR_SAMP(n) OVER (ORDER BY i ROWS BETWEEN CURRENT ROW AND UNBOUNDED FOLLOWING)
  FROM (VALUES(1,600),(2,470),(3,170),(4,430),(5,300)) r(i,n)
-- !query schema
struct<var_samp(n) OVER (ORDER BY i ASC NULLS FIRST ROWS BETWEEN CURRENT ROW AND UNBOUNDED FOLLOWING):double>
-- !query output
16900.0
18491.666666666668
27129.999999999996
8450.0
NULL


-- !query
SELECT VAR_SAMP(n) OVER (ORDER BY i ROWS BETWEEN CURRENT ROW AND UNBOUNDED FOLLOWING)
  FROM (VALUES(1,600),(2,470),(3,170),(4,430),(5,300)) r(i,n)
-- !query schema
struct<var_samp(n) OVER (ORDER BY i ASC NULLS FIRST ROWS BETWEEN CURRENT ROW AND UNBOUNDED FOLLOWING):double>
-- !query output
16900.0
18491.666666666668
27129.999999999996
8450.0
NULL


-- !query
SELECT VAR_SAMP(n) OVER (ORDER BY i ROWS BETWEEN CURRENT ROW AND UNBOUNDED FOLLOWING)
  FROM (VALUES(1,600),(2,470),(3,170),(4,430),(5,300)) r(i,n)
-- !query schema
struct<var_samp(n) OVER (ORDER BY i ASC NULLS FIRST ROWS BETWEEN CURRENT ROW AND UNBOUNDED FOLLOWING):double>
-- !query output
16900.0
18491.666666666668
27129.999999999996
8450.0
NULL


-- !query
SELECT VAR_SAMP(n) OVER (ORDER BY i ROWS BETWEEN CURRENT ROW AND UNBOUNDED FOLLOWING)
  FROM (VALUES(1,600),(2,470),(3,170),(4,430),(5,300)) r(i,n)
-- !query schema
struct<var_samp(n) OVER (ORDER BY i ASC NULLS FIRST ROWS BETWEEN CURRENT ROW AND UNBOUNDED FOLLOWING):double>
-- !query output
16900.0
18491.666666666668
27129.999999999996
8450.0
NULL


-- !query
SELECT VARIANCE(n) OVER (ORDER BY i ROWS BETWEEN CURRENT ROW AND UNBOUNDED FOLLOWING)
  FROM (VALUES(1,600),(2,470),(3,170),(4,430),(5,300)) r(i,n)
-- !query schema
struct<variance(n) OVER (ORDER BY i ASC NULLS FIRST ROWS BETWEEN CURRENT ROW AND UNBOUNDED FOLLOWING):double>
-- !query output
16900.0
18491.666666666668
27129.999999999996
8450.0
NULL


-- !query
SELECT VARIANCE(n) OVER (ORDER BY i ROWS BETWEEN CURRENT ROW AND UNBOUNDED FOLLOWING)
  FROM (VALUES(1,600),(2,470),(3,170),(4,430),(5,300)) r(i,n)
-- !query schema
struct<variance(n) OVER (ORDER BY i ASC NULLS FIRST ROWS BETWEEN CURRENT ROW AND UNBOUNDED FOLLOWING):double>
-- !query output
16900.0
18491.666666666668
27129.999999999996
8450.0
NULL


-- !query
SELECT VARIANCE(n) OVER (ORDER BY i ROWS BETWEEN CURRENT ROW AND UNBOUNDED FOLLOWING)
  FROM (VALUES(1,600),(2,470),(3,170),(4,430),(5,300)) r(i,n)
-- !query schema
struct<variance(n) OVER (ORDER BY i ASC NULLS FIRST ROWS BETWEEN CURRENT ROW AND UNBOUNDED FOLLOWING):double>
-- !query output
16900.0
18491.666666666668
27129.999999999996
8450.0
NULL


-- !query
SELECT VARIANCE(n) OVER (ORDER BY i ROWS BETWEEN CURRENT ROW AND UNBOUNDED FOLLOWING)
  FROM (VALUES(1,600),(2,470),(3,170),(4,430),(5,300)) r(i,n)
-- !query schema
struct<variance(n) OVER (ORDER BY i ASC NULLS FIRST ROWS BETWEEN CURRENT ROW AND UNBOUNDED FOLLOWING):double>
-- !query output
16900.0
18491.666666666668
27129.999999999996
8450.0
NULL


-- !query
SELECT STDDEV_POP(n) OVER (ORDER BY i ROWS BETWEEN CURRENT ROW AND UNBOUNDED FOLLOWING)
  FROM (VALUES(1,NULL),(2,600),(3,470),(4,170),(5,430),(6,300)) r(i,n)
-- !query schema
struct<stddev_pop(n) OVER (ORDER BY i ASC NULLS FIRST ROWS BETWEEN CURRENT ROW AND UNBOUNDED FOLLOWING):double>
-- !query output
0.0
106.14455552060438
117.76565713313879
147.32277488562315
147.32277488562315
65.0


-- !query
SELECT STDDEV_POP(n) OVER (ORDER BY i ROWS BETWEEN CURRENT ROW AND UNBOUNDED FOLLOWING)
  FROM (VALUES(1,NULL),(2,600),(3,470),(4,170),(5,430),(6,300)) r(i,n)
-- !query schema
struct<stddev_pop(n) OVER (ORDER BY i ASC NULLS FIRST ROWS BETWEEN CURRENT ROW AND UNBOUNDED FOLLOWING):double>
-- !query output
0.0
106.14455552060438
117.76565713313879
147.32277488562315
147.32277488562315
65.0


-- !query
SELECT STDDEV_POP(n) OVER (ORDER BY i ROWS BETWEEN CURRENT ROW AND UNBOUNDED FOLLOWING)
  FROM (VALUES(1,NULL),(2,600),(3,470),(4,170),(5,430),(6,300)) r(i,n)
-- !query schema
struct<stddev_pop(n) OVER (ORDER BY i ASC NULLS FIRST ROWS BETWEEN CURRENT ROW AND UNBOUNDED FOLLOWING):double>
-- !query output
0.0
106.14455552060438
117.76565713313879
147.32277488562315
147.32277488562315
65.0


-- !query
SELECT STDDEV_POP(n) OVER (ORDER BY i ROWS BETWEEN CURRENT ROW AND UNBOUNDED FOLLOWING)
  FROM (VALUES(1,NULL),(2,600),(3,470),(4,170),(5,430),(6,300)) r(i,n)
-- !query schema
struct<stddev_pop(n) OVER (ORDER BY i ASC NULLS FIRST ROWS BETWEEN CURRENT ROW AND UNBOUNDED FOLLOWING):double>
-- !query output
0.0
106.14455552060438
117.76565713313879
147.32277488562315
147.32277488562315
65.0


-- !query
SELECT STDDEV_SAMP(n) OVER (ORDER BY i ROWS BETWEEN CURRENT ROW AND UNBOUNDED FOLLOWING)
  FROM (VALUES(1,NULL),(2,600),(3,470),(4,170),(5,430),(6,300)) r(i,n)
-- !query schema
struct<stddev_samp(n) OVER (ORDER BY i ASC NULLS FIRST ROWS BETWEEN CURRENT ROW AND UNBOUNDED FOLLOWING):double>
-- !query output
130.0
135.9840676942217
164.7118696390761
164.7118696390761
91.92388155425118
NULL


-- !query
SELECT STDDEV_SAMP(n) OVER (ORDER BY i ROWS BETWEEN CURRENT ROW AND UNBOUNDED FOLLOWING)
  FROM (VALUES(1,NULL),(2,600),(3,470),(4,170),(5,430),(6,300)) r(i,n)
-- !query schema
struct<stddev_samp(n) OVER (ORDER BY i ASC NULLS FIRST ROWS BETWEEN CURRENT ROW AND UNBOUNDED FOLLOWING):double>
-- !query output
130.0
135.9840676942217
164.7118696390761
164.7118696390761
91.92388155425118
NULL


-- !query
SELECT STDDEV_SAMP(n) OVER (ORDER BY i ROWS BETWEEN CURRENT ROW AND UNBOUNDED FOLLOWING)
  FROM (VALUES(1,NULL),(2,600),(3,470),(4,170),(5,430),(6,300)) r(i,n)
-- !query schema
struct<stddev_samp(n) OVER (ORDER BY i ASC NULLS FIRST ROWS BETWEEN CURRENT ROW AND UNBOUNDED FOLLOWING):double>
-- !query output
130.0
135.9840676942217
164.7118696390761
164.7118696390761
91.92388155425118
NULL


-- !query
SELECT STDDEV_SAMP(n) OVER (ORDER BY i ROWS BETWEEN CURRENT ROW AND UNBOUNDED FOLLOWING)
  FROM (VALUES(1,NULL),(2,600),(3,470),(4,170),(5,430),(6,300)) r(i,n)
-- !query schema
struct<stddev_samp(n) OVER (ORDER BY i ASC NULLS FIRST ROWS BETWEEN CURRENT ROW AND UNBOUNDED FOLLOWING):double>
-- !query output
130.0
135.9840676942217
164.7118696390761
164.7118696390761
91.92388155425118
NULL


-- !query
SELECT STDDEV(n) OVER (ORDER BY i ROWS BETWEEN CURRENT ROW AND UNBOUNDED FOLLOWING)
  FROM (VALUES(0,NULL),(1,600),(2,470),(3,170),(4,430),(5,300)) r(i,n)
-- !query schema
struct<stddev(n) OVER (ORDER BY i ASC NULLS FIRST ROWS BETWEEN CURRENT ROW AND UNBOUNDED FOLLOWING):double>
-- !query output
130.0
135.9840676942217
164.7118696390761
164.7118696390761
91.92388155425118
NULL


-- !query
SELECT STDDEV(n) OVER (ORDER BY i ROWS BETWEEN CURRENT ROW AND UNBOUNDED FOLLOWING)
  FROM (VALUES(0,NULL),(1,600),(2,470),(3,170),(4,430),(5,300)) r(i,n)
-- !query schema
struct<stddev(n) OVER (ORDER BY i ASC NULLS FIRST ROWS BETWEEN CURRENT ROW AND UNBOUNDED FOLLOWING):double>
-- !query output
130.0
135.9840676942217
164.7118696390761
164.7118696390761
91.92388155425118
NULL


-- !query
SELECT STDDEV(n) OVER (ORDER BY i ROWS BETWEEN CURRENT ROW AND UNBOUNDED FOLLOWING)
  FROM (VALUES(0,NULL),(1,600),(2,470),(3,170),(4,430),(5,300)) r(i,n)
-- !query schema
struct<stddev(n) OVER (ORDER BY i ASC NULLS FIRST ROWS BETWEEN CURRENT ROW AND UNBOUNDED FOLLOWING):double>
-- !query output
130.0
135.9840676942217
164.7118696390761
164.7118696390761
91.92388155425118
NULL


-- !query
SELECT STDDEV(n) OVER (ORDER BY i ROWS BETWEEN CURRENT ROW AND UNBOUNDED FOLLOWING)
  FROM (VALUES(0,NULL),(1,600),(2,470),(3,170),(4,430),(5,300)) r(i,n)
-- !query schema
struct<stddev(n) OVER (ORDER BY i ASC NULLS FIRST ROWS BETWEEN CURRENT ROW AND UNBOUNDED FOLLOWING):double>
-- !query output
130.0
135.9840676942217
164.7118696390761
164.7118696390761
91.92388155425118
NULL


-- !query
SELECT i,SUM(v) OVER (ORDER BY i ROWS BETWEEN CURRENT ROW AND CURRENT ROW)
  FROM (VALUES(1,1),(2,2),(3,NULL),(4,NULL)) t(i,v)
-- !query schema
struct<i:int,sum(v) OVER (ORDER BY i ASC NULLS FIRST ROWS BETWEEN CURRENT ROW AND CURRENT ROW):bigint>
-- !query output
1	1
2	2
3	NULL
4	NULL


-- !query
SELECT i,SUM(v) OVER (ORDER BY i ROWS BETWEEN CURRENT ROW AND 1 FOLLOWING)
  FROM (VALUES(1,1),(2,2),(3,NULL),(4,NULL)) t(i,v)
-- !query schema
struct<i:int,sum(v) OVER (ORDER BY i ASC NULLS FIRST ROWS BETWEEN CURRENT ROW AND 1 FOLLOWING):bigint>
-- !query output
1	3
2	2
3	NULL
4	NULL


-- !query
SELECT i,SUM(v) OVER (ORDER BY i ROWS BETWEEN 1 PRECEDING AND 1 FOLLOWING)
  FROM (VALUES(1,1),(2,2),(3,3),(4,4)) t(i,v)
-- !query schema
struct<i:int,sum(v) OVER (ORDER BY i ASC NULLS FIRST ROWS BETWEEN 1 PRECEDING AND 1 FOLLOWING):bigint>
-- !query output
1	3
2	6
3	9
4	7


-- !query
SELECT a, b,
       SUM(b) OVER(ORDER BY A ROWS BETWEEN 1 PRECEDING AND CURRENT ROW)
FROM (VALUES(1,1),(2,2),(3,(cast('nan' as int))),(4,3),(5,4)) t(a,b)
-- !query schema
struct<>
-- !query output
org.apache.spark.sql.catalyst.parser.ParseException
{
  "errorClass" : "INVALID_INLINE_TABLE.FAILED_SQL_EXPRESSION_EVALUATION",
  "sqlState" : "42000",
  "messageParameters" : {
    "sqlExpr" : "\"CAST(nan AS INT)\""
  },
  "queryContext" : [ {
    "objectType" : "",
    "objectName" : "",
    "startIndex" : 92,
    "stopIndex" : 145,
    "fragment" : "VALUES(1,1),(2,2),(3,(cast('nan' as int))),(4,3),(5,4)"
  } ]
}
