-- Automatically generated by SQLQueryTestSuite
-- !query
drop table if exists x
-- !query analysis
DropTable true, false
+- ResolvedIdentifier V2SessionCatalog(spark_catalog), default.x


-- !query
drop table if exists y
-- !query analysis
DropTable true, false
+- ResolvedIdentifier V2SessionCatalog(spark_catalog), default.y


-- !query
create table x(x1 int, x2 int) using json
-- !query analysis
CreateDataSourceTableCommand `spark_catalog`.`default`.`x`, false


-- !query
insert into x values (1, 1), (2, 2)
-- !query analysis
InsertIntoHadoopFsRelationCommand file:[not included in comparison]/{warehouse_dir}/x, false, JSON, [path=file:[not included in comparison]/{warehouse_dir}/x], Append, `spark_catalog`.`default`.`x`, org.apache.spark.sql.execution.datasources.InMemoryFileIndex(file:[not included in comparison]/{warehouse_dir}/x), [x1, x2]
+- Project [cast(col1#x as int) AS x1#x, cast(col2#x as int) AS x2#x]
   +- LocalRelation [col1#x, col2#x]


-- !query
create table y(y1 int, y2 int) using json
-- !query analysis
CreateDataSourceTableCommand `spark_catalog`.`default`.`y`, false


-- !query
insert into y values (1, 1), (1, 2), (2, 4)
-- !query analysis
InsertIntoHadoopFsRelationCommand file:[not included in comparison]/{warehouse_dir}/y, false, JSON, [path=file:[not included in comparison]/{warehouse_dir}/y], Append, `spark_catalog`.`default`.`y`, org.apache.spark.sql.execution.datasources.InMemoryFileIndex(file:[not included in comparison]/{warehouse_dir}/y), [y1, y2]
+- Project [cast(col1#x as int) AS y1#x, cast(col2#x as int) AS y2#x]
   +- LocalRelation [col1#x, col2#x]


-- !query
select * from x where exists (select * from y where x1 = y1 limit 1 offset 2)
-- !query analysis
Project [x1#x, x2#x]
+- Filter exists#x [x1#x]
   :  +- GlobalLimit 1
   :     +- LocalLimit 1
   :        +- Offset 2
   :           +- Project [y1#x, y2#x]
   :              +- Filter (outer(x1#x) = y1#x)
   :                 +- SubqueryAlias spark_catalog.default.y
   :                    +- Relation spark_catalog.default.y[y1#x,y2#x] json
   +- SubqueryAlias spark_catalog.default.x
      +- Relation spark_catalog.default.x[x1#x,x2#x] json


-- !query
select * from x join lateral (select * from y where x1 = y1 limit 1 offset 2)
-- !query analysis
Project [x1#x, x2#x, y1#x, y2#x]
+- LateralJoin lateral-subquery#x [x1#x], Inner
   :  +- SubqueryAlias __auto_generated_subquery_name
   :     +- GlobalLimit 1
   :        +- LocalLimit 1
   :           +- Offset 2
   :              +- Project [y1#x, y2#x]
   :                 +- Filter (outer(x1#x) = y1#x)
   :                    +- SubqueryAlias spark_catalog.default.y
   :                       +- Relation spark_catalog.default.y[y1#x,y2#x] json
   +- SubqueryAlias spark_catalog.default.x
      +- Relation spark_catalog.default.x[x1#x,x2#x] json


-- !query
select * from x where x1 in (select y1 from y limit 1 offset 2)
-- !query analysis
Project [x1#x, x2#x]
+- Filter x1#x IN (list#x [])
   :  +- GlobalLimit 1
   :     +- LocalLimit 1
   :        +- Offset 2
   :           +- Project [y1#x]
   :              +- SubqueryAlias spark_catalog.default.y
   :                 +- Relation spark_catalog.default.y[y1#x,y2#x] json
   +- SubqueryAlias spark_catalog.default.x
      +- Relation spark_catalog.default.x[x1#x,x2#x] json


-- !query
select * from x where (select sum(y2) from y where x1 = y1 limit 1 offset 2) > 2
-- !query analysis
Project [x1#x, x2#x]
+- Filter (scalar-subquery#x [x1#x] > cast(2 as bigint))
   :  +- GlobalLimit 1
   :     +- LocalLimit 1
   :        +- Offset 2
   :           +- Aggregate [sum(y2#x) AS sum(y2)#xL]
   :              +- Filter (outer(x1#x) = y1#x)
   :                 +- SubqueryAlias spark_catalog.default.y
   :                    +- Relation spark_catalog.default.y[y1#x,y2#x] json
   +- SubqueryAlias spark_catalog.default.x
      +- Relation spark_catalog.default.x[x1#x,x2#x] json


-- !query
select * from x where exists (select * from y where x1 = y1 offset 2)
-- !query analysis
Project [x1#x, x2#x]
+- Filter exists#x [x1#x]
   :  +- Offset 2
   :     +- Project [y1#x, y2#x]
   :        +- Filter (outer(x1#x) = y1#x)
   :           +- SubqueryAlias spark_catalog.default.y
   :              +- Relation spark_catalog.default.y[y1#x,y2#x] json
   +- SubqueryAlias spark_catalog.default.x
      +- Relation spark_catalog.default.x[x1#x,x2#x] json


-- !query
select * from x join lateral (select * from y where x1 = y1 offset 2)
-- !query analysis
Project [x1#x, x2#x, y1#x, y2#x]
+- LateralJoin lateral-subquery#x [x1#x], Inner
   :  +- SubqueryAlias __auto_generated_subquery_name
   :     +- Offset 2
   :        +- Project [y1#x, y2#x]
   :           +- Filter (outer(x1#x) = y1#x)
   :              +- SubqueryAlias spark_catalog.default.y
   :                 +- Relation spark_catalog.default.y[y1#x,y2#x] json
   +- SubqueryAlias spark_catalog.default.x
      +- Relation spark_catalog.default.x[x1#x,x2#x] json


-- !query
select * from x where x1 in (select y1 from y offset 2)
-- !query analysis
Project [x1#x, x2#x]
+- Filter x1#x IN (list#x [])
   :  +- Offset 2
   :     +- Project [y1#x]
   :        +- SubqueryAlias spark_catalog.default.y
   :           +- Relation spark_catalog.default.y[y1#x,y2#x] json
   +- SubqueryAlias spark_catalog.default.x
      +- Relation spark_catalog.default.x[x1#x,x2#x] json


-- !query
select * from x where (select sum(y2) from y where x1 = y1 offset 2) > 2
-- !query analysis
Project [x1#x, x2#x]
+- Filter (scalar-subquery#x [x1#x] > cast(2 as bigint))
   :  +- Offset 2
   :     +- Aggregate [sum(y2#x) AS sum(y2)#xL]
   :        +- Filter (outer(x1#x) = y1#x)
   :           +- SubqueryAlias spark_catalog.default.y
   :              +- Relation spark_catalog.default.y[y1#x,y2#x] json
   +- SubqueryAlias spark_catalog.default.x
      +- Relation spark_catalog.default.x[x1#x,x2#x] json


-- !query
CREATE TEMPORARY VIEW EMP AS SELECT * FROM VALUES
  (100, "emp 1", date "2005-01-01", 100.00D, 10),
  (100, "emp 1", date "2005-01-01", 100.00D, 10),
  (200, "emp 2", date "2003-01-01", 200.00D, 10),
  (300, "emp 3", date "2002-01-01", 300.00D, 20),
  (400, "emp 4", date "2005-01-01", 400.00D, 30),
  (500, "emp 5", date "2001-01-01", 400.00D, NULL),
  (600, "emp 6 - no dept", date "2001-01-01", 400.00D, 100),
  (700, "emp 7", date "2010-01-01", 400.00D, 100),
  (800, "emp 8", date "2016-01-01", 150.00D, 70)
AS EMP(id, emp_name, hiredate, salary, dept_id)
-- !query analysis
CreateViewCommand `EMP`, SELECT * FROM VALUES
  (100, "emp 1", date "2005-01-01", 100.00D, 10),
  (100, "emp 1", date "2005-01-01", 100.00D, 10),
  (200, "emp 2", date "2003-01-01", 200.00D, 10),
  (300, "emp 3", date "2002-01-01", 300.00D, 20),
  (400, "emp 4", date "2005-01-01", 400.00D, 30),
  (500, "emp 5", date "2001-01-01", 400.00D, NULL),
  (600, "emp 6 - no dept", date "2001-01-01", 400.00D, 100),
  (700, "emp 7", date "2010-01-01", 400.00D, 100),
  (800, "emp 8", date "2016-01-01", 150.00D, 70)
AS EMP(id, emp_name, hiredate, salary, dept_id), false, false, LocalTempView, UNSUPPORTED, true
   +- Project [id#x, emp_name#x, hiredate#x, salary#x, dept_id#x]
      +- SubqueryAlias EMP
         +- LocalRelation [id#x, emp_name#x, hiredate#x, salary#x, dept_id#x]


-- !query
CREATE TEMPORARY VIEW DEPT AS SELECT * FROM VALUES
  (10, "dept 1", "CA"),
  (20, "dept 2", "NY"),
  (30, "dept 3", "TX"),
  (40, "dept 4 - unassigned", "OR"),
  (50, "dept 5 - unassigned", "NJ"),
  (70, "dept 7", "FL")
AS DEPT(dept_id, dept_name, state)
-- !query analysis
CreateViewCommand `DEPT`, SELECT * FROM VALUES
  (10, "dept 1", "CA"),
  (20, "dept 2", "NY"),
  (30, "dept 3", "TX"),
  (40, "dept 4 - unassigned", "OR"),
  (50, "dept 5 - unassigned", "NJ"),
  (70, "dept 7", "FL")
AS DEPT(dept_id, dept_name, state), false, false, LocalTempView, UNSUPPORTED, true
   +- Project [dept_id#x, dept_name#x, state#x]
      +- SubqueryAlias DEPT
         +- LocalRelation [dept_id#x, dept_name#x, state#x]


-- !query
SELECT emp_name
FROM   emp
WHERE EXISTS (SELECT max(dept.dept_id) a
                   FROM   dept
                   WHERE  dept.dept_id = emp.dept_id
                   GROUP  BY state
                   ORDER  BY state
                   LIMIT 2
                   OFFSET 1)
-- !query analysis
Project [emp_name#x]
+- Filter exists#x [dept_id#x]
   :  +- GlobalLimit 2
   :     +- LocalLimit 2
   :        +- Offset 1
   :           +- Project [a#x]
   :              +- Sort [state#x ASC NULLS FIRST], true
   :                 +- Aggregate [state#x], [max(dept_id#x) AS a#x, state#x]
   :                    +- Filter (dept_id#x = outer(dept_id#x))
   :                       +- SubqueryAlias dept
   :                          +- View (`DEPT`, [dept_id#x, dept_name#x, state#x])
   :                             +- Project [cast(dept_id#x as int) AS dept_id#x, cast(dept_name#x as string) AS dept_name#x, cast(state#x as string) AS state#x]
   :                                +- Project [dept_id#x, dept_name#x, state#x]
   :                                   +- SubqueryAlias DEPT
   :                                      +- LocalRelation [dept_id#x, dept_name#x, state#x]
   +- SubqueryAlias emp
      +- View (`EMP`, [id#x, emp_name#x, hiredate#x, salary#x, dept_id#x])
         +- Project [cast(id#x as int) AS id#x, cast(emp_name#x as string) AS emp_name#x, cast(hiredate#x as date) AS hiredate#x, cast(salary#x as double) AS salary#x, cast(dept_id#x as int) AS dept_id#x]
            +- Project [id#x, emp_name#x, hiredate#x, salary#x, dept_id#x]
               +- SubqueryAlias EMP
                  +- LocalRelation [id#x, emp_name#x, hiredate#x, salary#x, dept_id#x]


-- !query
SELECT emp_name
FROM   emp
JOIN LATERAL (SELECT max(dept.dept_id) a
                   FROM   dept
                   WHERE  dept.dept_id = emp.dept_id
                   GROUP  BY state
                   ORDER  BY state
                   LIMIT 2
                   OFFSET 1)
-- !query analysis
Project [emp_name#x]
+- LateralJoin lateral-subquery#x [dept_id#x], Inner
   :  +- SubqueryAlias __auto_generated_subquery_name
   :     +- GlobalLimit 2
   :        +- LocalLimit 2
   :           +- Offset 1
   :              +- Project [a#x]
   :                 +- Sort [state#x ASC NULLS FIRST], true
   :                    +- Aggregate [state#x], [max(dept_id#x) AS a#x, state#x]
   :                       +- Filter (dept_id#x = outer(dept_id#x))
   :                          +- SubqueryAlias dept
   :                             +- View (`DEPT`, [dept_id#x, dept_name#x, state#x])
   :                                +- Project [cast(dept_id#x as int) AS dept_id#x, cast(dept_name#x as string) AS dept_name#x, cast(state#x as string) AS state#x]
   :                                   +- Project [dept_id#x, dept_name#x, state#x]
   :                                      +- SubqueryAlias DEPT
   :                                         +- LocalRelation [dept_id#x, dept_name#x, state#x]
   +- SubqueryAlias emp
      +- View (`EMP`, [id#x, emp_name#x, hiredate#x, salary#x, dept_id#x])
         +- Project [cast(id#x as int) AS id#x, cast(emp_name#x as string) AS emp_name#x, cast(hiredate#x as date) AS hiredate#x, cast(salary#x as double) AS salary#x, cast(dept_id#x as int) AS dept_id#x]
            +- Project [id#x, emp_name#x, hiredate#x, salary#x, dept_id#x]
               +- SubqueryAlias EMP
                  +- LocalRelation [id#x, emp_name#x, hiredate#x, salary#x, dept_id#x]


-- !query
SELECT emp_name
FROM   emp
WHERE EXISTS (SELECT max(dept.dept_id) a
                   FROM   dept
                   WHERE  dept.dept_id = emp.dept_id
                   GROUP  BY state
                   ORDER  BY state
                   OFFSET 1)
-- !query analysis
Project [emp_name#x]
+- Filter exists#x [dept_id#x]
   :  +- Offset 1
   :     +- Project [a#x]
   :        +- Sort [state#x ASC NULLS FIRST], true
   :           +- Aggregate [state#x], [max(dept_id#x) AS a#x, state#x]
   :              +- Filter (dept_id#x = outer(dept_id#x))
   :                 +- SubqueryAlias dept
   :                    +- View (`DEPT`, [dept_id#x, dept_name#x, state#x])
   :                       +- Project [cast(dept_id#x as int) AS dept_id#x, cast(dept_name#x as string) AS dept_name#x, cast(state#x as string) AS state#x]
   :                          +- Project [dept_id#x, dept_name#x, state#x]
   :                             +- SubqueryAlias DEPT
   :                                +- LocalRelation [dept_id#x, dept_name#x, state#x]
   +- SubqueryAlias emp
      +- View (`EMP`, [id#x, emp_name#x, hiredate#x, salary#x, dept_id#x])
         +- Project [cast(id#x as int) AS id#x, cast(emp_name#x as string) AS emp_name#x, cast(hiredate#x as date) AS hiredate#x, cast(salary#x as double) AS salary#x, cast(dept_id#x as int) AS dept_id#x]
            +- Project [id#x, emp_name#x, hiredate#x, salary#x, dept_id#x]
               +- SubqueryAlias EMP
                  +- LocalRelation [id#x, emp_name#x, hiredate#x, salary#x, dept_id#x]


-- !query
SELECT emp_name
FROM   emp
JOIN LATERAL (SELECT max(dept.dept_id) a
                   FROM   dept
                   WHERE  dept.dept_id = emp.dept_id
                   GROUP  BY state
                   ORDER  BY state
                   OFFSET 1)
-- !query analysis
Project [emp_name#x]
+- LateralJoin lateral-subquery#x [dept_id#x], Inner
   :  +- SubqueryAlias __auto_generated_subquery_name
   :     +- Offset 1
   :        +- Project [a#x]
   :           +- Sort [state#x ASC NULLS FIRST], true
   :              +- Aggregate [state#x], [max(dept_id#x) AS a#x, state#x]
   :                 +- Filter (dept_id#x = outer(dept_id#x))
   :                    +- SubqueryAlias dept
   :                       +- View (`DEPT`, [dept_id#x, dept_name#x, state#x])
   :                          +- Project [cast(dept_id#x as int) AS dept_id#x, cast(dept_name#x as string) AS dept_name#x, cast(state#x as string) AS state#x]
   :                             +- Project [dept_id#x, dept_name#x, state#x]
   :                                +- SubqueryAlias DEPT
   :                                   +- LocalRelation [dept_id#x, dept_name#x, state#x]
   +- SubqueryAlias emp
      +- View (`EMP`, [id#x, emp_name#x, hiredate#x, salary#x, dept_id#x])
         +- Project [cast(id#x as int) AS id#x, cast(emp_name#x as string) AS emp_name#x, cast(hiredate#x as date) AS hiredate#x, cast(salary#x as double) AS salary#x, cast(dept_id#x as int) AS dept_id#x]
            +- Project [id#x, emp_name#x, hiredate#x, salary#x, dept_id#x]
               +- SubqueryAlias EMP
                  +- LocalRelation [id#x, emp_name#x, hiredate#x, salary#x, dept_id#x]


-- !query
drop table x
-- !query analysis
DropTable false, false
+- ResolvedIdentifier V2SessionCatalog(spark_catalog), default.x


-- !query
drop table y
-- !query analysis
DropTable false, false
+- ResolvedIdentifier V2SessionCatalog(spark_catalog), default.y
