-- Automatically generated by SQLQueryTestSuite
-- !query
CREATE OR REPLACE VIEW t1(a1, a2) as values (0, 1), (1, 2)
-- !query schema
struct<>
-- !query output



-- !query
CREATE OR REPLACE VIEW t2(b1, b2) as values (0, 2), (0, 3)
-- !query schema
struct<>
-- !query output



-- !query
CREATE OR REPLACE VIEW t3(c1, c2) as values (0, 2), (0, 3)
-- !query schema
struct<>
-- !query output



-- !query
set spark.sql.optimizer.decorrelateInnerQuery.enabled=true
-- !query schema
struct<key:string,value:string>
-- !query output
spark.sql.optimizer.decorrelateInnerQuery.enabled	true


-- !query
set spark.sql.legacy.scalarSubqueryCountBugBehavior=false
-- !query schema
struct<key:string,value:string>
-- !query output
spark.sql.legacy.scalarSubqueryCountBugBehavior	false


-- !query
select ( select sum(cnt) from (select count(*) cnt from t2 where t1.a1 = t2.b1) ) a from t1 order by a desc
-- !query schema
struct<a:bigint>
-- !query output
2
0


-- !query
select ( select count(*) from (select count(*) cnt from t2 where t1.a1 = t2.b1) ) a from t1 order by a desc
-- !query schema
struct<a:bigint>
-- !query output
1
1


-- !query
select (
  select SUM(l.cnt + r.cnt)
  from (select count(*) cnt from t2 where t1.a1 = t2.b1 having cnt = 0) l
  join (select count(*) cnt from t3 where t1.a1 = t3.c1 having cnt = 0) r
  on l.cnt = r.cnt
) a from t1 order by a desc
-- !query schema
struct<a:bigint>
-- !query output
0
NULL


-- !query
select (
  select sum(l.cnt + r.cnt)
  from (select count(*) cnt from t2 where t1.a1 = t2.b1) l
  join (select count(*) cnt from t3 where t1.a1 = t3.c1) r
  on l.cnt = r.cnt
) a from t1 order by a desc
-- !query schema
struct<a:bigint>
-- !query output
4
0


-- !query
reset spark.sql.optimizer.decorrelateInnerQuery.enabled
-- !query schema
struct<>
-- !query output



-- !query
reset spark.sql.legacy.scalarSubqueryCountBugBehavior
-- !query schema
struct<>
-- !query output



-- !query
DROP VIEW t1
-- !query schema
struct<>
-- !query output



-- !query
DROP VIEW t2
-- !query schema
struct<>
-- !query output



-- !query
DROP VIEW t3
-- !query schema
struct<>
-- !query output

