-- Automatically generated by TPCDSQueryTestSuite

-- !query schema
struct<customer_id:string,customer_first_name:string,customer_last_name:string,customer_email_address:string>
-- !query output
AAAAAAAAAAECBAAA	Frank               	Wenzel                        	Frank.Wenzel@zhXN6.com                            
AAAAAAAAABGKAAAA	Jonna               	King                          	Jonna.King@aFu3Mu88XNgLh7lzUbBd.com               
AAAAAAAAAFAGAAAA	Robert              	Chang                         	Robert.Chang@q5SPPnTKPgA2siE.org                  
AAAAAAAAAFBNAAAA	Robert              	Baines                        	Robert.Baines@FI8euotCCfA0dfsoy.com               
AAAAAAAAAGLPAAAA	Charlene            	Marcus                        	Charlene.Marcus@XYRXjq9m6.com                     
AAAAAAAABAAGAAAA	Luis                	James                         	Luis.James@oLxkv69Mc9.edu                         
AAAAAAAABBEAAAAA	Jason               	Gallegos                      	Jason.Gallegos@sg0JhLIArOU5lOS.org                
AAAAAAAABGMHBAAA	Michael             	Gillespie                     	Michael.Gillespie@J63SDK8lTkTx.edu                
AAAAAAAABIABAAAA	Letha               	Stone                         	Letha.Stone@BkqMc.com                             
AAAAAAAABILCAAAA	Theresa             	Mullins                       	Theresa.Mullins@96UTbTai7sO.org                   
AAAAAAAABJEDBAAA	Arthur              	Bryan                         	Arthur.Bryan@ZvCpRQMEbZYcg.org                    
AAAAAAAABKDKAAAA	Gerald              	Ruiz                          	Gerald.Ruiz@kHcL2q.com                            
AAAAAAAACEMIAAAA	James               	Hernandez                     	James.Hernandez@gj0dkjapodlS.com                  
AAAAAAAACGLDAAAA	Angelo              	Sloan                         	Angelo.Sloan@dabad6klflJ.edu                      
AAAAAAAACKKIAAAA	NULL	NULL	Lorraine.Miller@31f.edu                           
AAAAAAAACOEHBAAA	Christine           	Gonzalez                      	Christine.Gonzalez@oHMdrqfEDX.org                 
AAAAAAAACPDFBAAA	Cheryl              	Barry                         	Cheryl.Barry@b4id7Q6XJNsB.edu                     
AAAAAAAADFJBBAAA	Patrick             	Jones                         	Patrick.Jones@L0aUVXsdRxldn.com                   
AAAAAAAADHNHBAAA	Patrick             	Cooper                        	Patrick.Cooper@2kXFgCYx14V.edu                    
AAAAAAAADKMBAAAA	Donald              	Nelson                        	Donald.Nelson@b6TdhXbAelMn8oF.edu                 
AAAAAAAAEBFHAAAA	Esther              	Merrill                       	Esther.Merrill@hGu.edu                            
AAAAAAAAEBJNAAAA	Alfred              	Glenn                         	Alfred.Glenn@xCi0.edu                             
AAAAAAAAEFCEBAAA	Cornelius           	Martino                       	Cornelius.Martino@In2KFInUjUY.com                 
AAAAAAAAEIAHAAAA	Henry               	Desantis                      	Henry.Desantis@znTqdvjJGag4.edu                   
AAAAAAAAEIPIAAAA	Luke                	Rios                          	Luke.Rios@NgqF4xn2Qxgm00FR0.com                   
AAAAAAAAFAIEAAAA	Betty               	Gipson                        	Betty.Gipson@13Lp7iesLn.com                       
AAAAAAAAFDIMAAAA	Stephanie           	Cowan                         	Stephanie.Cowan@R80Njmu1D1n0d.com                 
AAAAAAAAFGMHBAAA	Donald              	Coleman                       	Donald.Coleman@S4KL45.org                         
AAAAAAAAFGNEAAAA	Andrew              	Silva                         	Andrew.Silva@hx4.edu                              
AAAAAAAAFHNDAAAA	Virgil              	Mcdonald                      	Virgil.Mcdonald@dUD.org                           
AAAAAAAAFMOKAAAA	Harry               	Brown                         	Harry.Brown@Clj2rtJAo.com                         
AAAAAAAAFMPPAAAA	Manuel              	Bryant                        	Manuel.Bryant@1LtMa1H0t8B5.edu                    
AAAAAAAAFOEDAAAA	Lori                	Erwin                         	Lori.Erwin@SkmpHUaEnhHBkQ.com                     
AAAAAAAAGCGIAAAA	Mae                 	Williams                      	Mae.Williams@mfBvsN8VAQOX21Yh.org                 
AAAAAAAAGEKLAAAA	Jerilyn             	Walker                        	Jerilyn.Walker@hOIXjGj8unTzQ5J3Um.edu             
AAAAAAAAGGMHAAAA	Julia               	Fisher                        	Julia.Fisher@eyrOB7M7abp.org                      
AAAAAAAAGHFDAAAA	Laura               	Roy                           	Laura.Roy@xb1d3mQ2.org                            
AAAAAAAAGLDMAAAA	Alex                	Norris                        	Alex.Norris@GABnCVFfjXxUV2Q.edu                   
AAAAAAAAGMFHAAAA	Bruce               	Howe                          	Bruce.Howe@yNj94o0DBJ.com                         
AAAAAAAAGMGEBAAA	Tamika              	Potts                         	Tamika.Potts@yzUu.edu                             
AAAAAAAAHBEABAAA	Bonnie              	Cochran                       	Bonnie.Cochran@D3oggm81Joopv.com                  
AAAAAAAAHEIFBAAA	NULL	Jones                         	Ann.Jones@E1eNB.edu                               
AAAAAAAAHEPFBAAA	Kathryn             	Kinney                        	Kathryn.Kinney@Stq02g.com                         
AAAAAAAAHGKLAAAA	Arthur              	Christensen                   	Arthur.Christensen@VFNBhqKt1TAdrr.edu             
AAAAAAAAHIEIAAAA	William             	Roberts                       	William.Roberts@ObeXEfeXMMgm.org                  
AAAAAAAAHLEAAAAA	Geneva              	Sims                          	Geneva.Sims@1E0ayoK5qFo.edu                       
AAAAAAAAHLJCAAAA	Marlene             	Grover                        	Marlene.Grover@F9DZzXQsJNYJ.org                   
AAAAAAAAHPMLAAAA	Elizabeth           	Kennedy                       	Elizabeth.Kennedy@A0YBfGbsbmc3om.edu              
AAAAAAAAIANDAAAA	Elva                	Wade                          	Elva.Wade@4xZ1agk4PU9.edu                         
AAAAAAAAIBBFBAAA	James               	Compton                       	James.Compton@KzmxhGNiTqrp.com                    
AAAAAAAAIBJDBAAA	Dean                	Velez                         	Dean.Velez@ycRqZT5hVfX8ZZk.org                    
AAAAAAAAILLJAAAA	Billy               	Ortiz                         	Billy.Ortiz@AEcBAd1rTF.org                        
AAAAAAAAIODCBAAA	Jennifer            	Crane                         	Jennifer.Crane@Sbzbbg2f7tIl32aDBj.org             
AAAAAAAAIPGJAAAA	Michael             	NULL	Michael.Connelly@K.edu                            
AAAAAAAAIPKJAAAA	Charles             	Jones                         	Charles.Jones@aZTRs91tA.org                       
AAAAAAAAJADIAAAA	Margaret            	Roberts                       	Margaret.Roberts@jp.edu                           
AAAAAAAAJBELAAAA	Sean                	Busby                         	Sean.Busby@HlbL26U77.edu                          
AAAAAAAAJCNBBAAA	Johnnie             	Cox                           	Johnnie.Cox@nNTlnRXjr5.edu                        
AAAAAAAAJDEFAAAA	Loretta             	Serrano                       	Loretta.Serrano@GYZpg38p40VgqS7L9.edu             
AAAAAAAAJDKKAAAA	Sharon              	Reynolds                      	Sharon.Reynolds@tk5.org                           
AAAAAAAAJEDJAAAA	David               	Taylor                        	David.Taylor@kxn8ngym6u9XoC.org                   
AAAAAAAAJGDLAAAA	Fredrick            	Davis                         	Fredrick.Davis@fBIx4ZgRJ2.org                     
AAAAAAAAJHGFAAAA	Pamela              	Gannon                        	Pamela.Gannon@dx1Vy6KLG.org                       
AAAAAAAAJIAHAAAA	Shawna              	Delgado                       	Shawna.Delgado@Mu5QaTkI2N4tdINV.org               
AAAAAAAAJILDBAAA	Erica               	Reynolds                      	Erica.Reynolds@NjAGMPr5SynCgvs.org                
AAAAAAAAJMIDAAAA	Sally               	Thurman                       	Sally.Thurman@xTyyZ3qRIlqa8oBLYTNm.org            
AAAAAAAAKAKPAAAA	Carolann            	Royer                         	Carolann.Royer@yVh8tzAJmV.com                     
AAAAAAAAKLHDAAAA	Brittany            	Knox                          	Brittany.Knox@ldm93PY1oSCUpHZQfy.org              
AAAAAAAAKMHPAAAA	Robert              	Jones                         	Robert.Jones@rYXHiKMN4A.org                       
AAAAAAAAKNMEBAAA	Amber               	Gonzalez                      	Amber.Gonzalez@Va5m6mBBm.edu                      
AAAAAAAALEAHBAAA	Eddie               	Pena                          	Eddie.Pena@2L00HyEmYqdOy.org                      
AAAAAAAALMAJAAAA	Ileen               	Linn                          	Ileen.Linn@5FUTo7S.org                            
AAAAAAAALMGGBAAA	Dedra               	Rainey                        	Dedra.Rainey@ik6CKcRSdO6GBi.edu                   
AAAAAAAALNLABAAA	Janie               	Garcia                        	Janie.Garcia@IpXCI4cANG0F1M.org                   
AAAAAAAALPHGBAAA	Dorothy             	Heller                        	Dorothy.Heller@dXV5.edu                           
AAAAAAAAMFMKAAAA	John                	Sanders                       	John.Sanders@g.com                                
AAAAAAAAMHOLAAAA	Terri               	Cook                          	Terri.Cook@Vz02fJPUlPO.edu                        
AAAAAAAAMJFAAAAA	Marcus              	Espinal                       	Marcus.Espinal@zoIoG4RpC.com                      
AAAAAAAAMLOEAAAA	Miguel              	Jackson                       	Miguel.Jackson@i8Me4xM79.org                      
AAAAAAAANBECBAAA	Michael             	Lombardi                      	Michael.Lombardi@J.com                            
AAAAAAAANKBBAAAA	Diann               	Saunders                      	Diann.Saunders@g6OYMRl4DEBFz.org                  
AAAAAAAAOCDCAAAA	Armando             	Jackson                       	Armando.Jackson@IoY0Kf.edu                        
AAAAAAAAOEDIAAAA	Alexander           	Rich                          	Alexander.Rich@YT4HorlXiEXVj.org                  
AAAAAAAAOFFIAAAA	Frank               	Milton                        	Frank.Milton@satakl9QHE.edu                       
AAAAAAAAOJBPAAAA	Jonathan            	Mcbride                       	Jonathan.Mcbride@SjQzPb47cUO.com                  
AAAAAAAAOMOKAAAA	Laurette            	Gary                          	Laurette.Gary@bSgl2F0kEo2tf.org                   
AAAAAAAAOOKKAAAA	Deborah             	Early                         	Deborah.Early@Zpi3TmsGBi.edu                      
AAAAAAAAOPMDAAAA	Peggy               	Smith                         	Peggy.Smith@CfqGXuI6hH.org                        
AAAAAAAAOPPKAAAA	Tina                	Johnson                       	Tina.Johnson@LlITreSC2jD7.com                     
AAAAAAAAPAEEBAAA	Audria              	Mattson                       	Audria.Mattson@V6zU0l0A.com                       
AAAAAAAAPBIGBAAA	Susie               	Zavala                        	Susie.Zavala@C0UOUuL65F7kV.com                    
AAAAAAAAPEFLAAAA	David               	Martinez                      	David.Martinez@ghefIHRjR1N.com                    
AAAAAAAAPFKDAAAA	Linda               	Simmons                       	Linda.Simmons@P3L.com                             
AAAAAAAAPNMGAAAA	Christine           	Olds                          	Christine.Olds@acdIL3Bsp4QnMIc.org
