-- Automatically generated by TPCDSQueryTestSuite

-- !query schema
struct<i_product_name:string,i_brand:string,i_class:string,i_category:string,qoh:double>
-- !query output
oughtn steingcally                                	NULL	NULL	NULL	429.75206611570246
oughtn steingcally                                	exportiexporti #x                                 	NULL	NULL	429.75206611570246
oughtn steingcally                                	exportiexporti #x                                 	toddlers                                          	NULL	429.75206611570246
oughtn steingcally                                	exportiexporti #x                                 	toddlers                                          	Children                                          	429.75206611570246
oughtcallypripriought                             	NULL	NULL	NULL	433.04918032786884
oughtcallypripriought                             	corpunivamalg #x                                 	NULL	NULL	433.04918032786884
oughtcallypripriought                             	corpunivamalg #x                                 	musical                                           	NULL	433.04918032786884
oughtcallypripriought                             	corpunivamalg #x                                 	musical                                           	Electronics                                       	433.04918032786884
oughtesecallyeseought                             	NULL	NULL	NULL	434.8091286307054
oughtesecallyeseought                             	scholarbrand #x                                   	NULL	NULL	434.8091286307054
oughtesecallyeseought                             	scholarbrand #x                                   	blinds/shades                                     	NULL	434.8091286307054
oughtesecallyeseought                             	scholarbrand #x                                   	blinds/shades                                     	Home                                              	434.8091286307054
antiesen stese                                    	NULL	NULL	NULL	436.39676113360326
antiesen stese                                    	edu packexporti #x                                	NULL	NULL	436.39676113360326
antiesen stese                                    	edu packexporti #x                                	school-uniforms                                   	NULL	436.39676113360326
antiesen stese                                    	edu packexporti #x                                	school-uniforms                                   	Children                                          	436.39676113360326
priesecallyantiought                              	NULL	NULL	NULL	440.51612903225805
priesecallyantiought                              	importounivamalg #x                               	NULL	NULL	440.51612903225805
priesecallyantiought                              	importounivamalg #x                               	home repair                                       	NULL	440.51612903225805
priesecallyantiought                              	importounivamalg #x                               	home repair                                       	Books                                             	440.51612903225805
prioughtableoughtought                            	NULL	NULL	NULL	440.97478991596637
prioughtableoughtought                            	exportiunivamalg #x                              	NULL	NULL	440.97478991596637
prioughtableoughtought                            	exportiunivamalg #x                              	dvd/vcr players                                   	NULL	440.97478991596637
prioughtableoughtought                            	exportiunivamalg #x                              	dvd/vcr players                                   	Electronics                                       	440.97478991596637
antiablen stought                                 	NULL	NULL	NULL	441.520325203252
antiablen stought                                 	amalgamalg #x                                     	NULL	NULL	441.520325203252
antiablen stought                                 	amalgamalg #x                                     	dresses                                           	NULL	441.520325203252
antiablen stought                                 	amalgamalg #x                                     	dresses                                           	Women                                             	441.520325203252
n steingantianti                                  	NULL	NULL	NULL	442.4404761904762
n steingantianti                                  	corpbrand #x                                     	NULL	NULL	442.4404761904762
n steingantianti                                  	corpbrand #x                                     	rugs                                              	NULL	442.4404761904762
n steingantianti                                  	corpbrand #x                                     	rugs                                              	Home                                              	442.4404761904762
prieingation                                      	NULL	NULL	NULL	442.68595041322317
prieingation                                      	importoamalg #x                                   	NULL	NULL	442.68595041322317
prieingation                                      	importoamalg #x                                   	fragrances                                        	NULL	442.68595041322317
prieingation                                      	importoamalg #x                                   	fragrances                                        	Women                                             	442.68595041322317
n stesecallypri                                   	NULL	NULL	NULL	442.84
n stesecallypri                                   	amalgimporto #x                                   	NULL	NULL	442.84
n stesecallypri                                   	amalgimporto #x                                   	accessories                                       	NULL	442.84
n stesecallypri                                   	amalgimporto #x                                   	accessories                                       	Men                                               	442.84
n stn stcallyoughtought                           	NULL	NULL	NULL	443.20883534136544
n stn stcallyoughtought                           	corpmaxi #x                                      	NULL	NULL	443.20883534136544
n stn stcallyoughtought                           	corpmaxi #x                                      	golf                                              	NULL	443.20883534136544
n stn stcallyoughtought                           	corpmaxi #x                                      	golf                                              	Sports                                            	443.20883534136544
ationableprieing                                  	NULL	NULL	NULL	443.349593495935
ationableprieing                                  	exportiamalg #x                                   	NULL	NULL	443.349593495935
ationableprieing                                  	exportiamalg #x                                   	maternity                                         	NULL	443.349593495935
ationableprieing                                  	exportiamalg #x                                   	maternity                                         	Women                                             	443.349593495935
ationoughtesepri                                  	NULL	NULL	NULL	443.8292682926829
ationoughtesepri                                  	edu packunivamalg #x                             	NULL	NULL	443.8292682926829
ationoughtesepri                                  	edu packunivamalg #x                             	sports                                            	NULL	443.8292682926829
ationoughtesepri                                  	edu packunivamalg #x                             	sports                                            	Books                                             	443.8292682926829
oughtbarcallycallyought                           	NULL	NULL	NULL	444.5889328063241
oughtbarcallycallyought                           	corpmaxi #x                                       	NULL	NULL	444.5889328063241
oughtbarcallycallyought                           	corpmaxi #x                                       	golf                                              	NULL	444.5889328063241
oughtbarcallycallyought                           	corpmaxi #x                                       	golf                                              	Sports                                            	444.5889328063241
n steingcallycally                                	NULL	NULL	NULL	445.0833333333333
n steingcallycally                                	importoscholar #x                                 	NULL	NULL	445.0833333333333
n steingcallycally                                	importoscholar #x                                 	country                                           	NULL	445.0833333333333
n steingcallycally                                	importoscholar #x                                 	country                                           	Music                                             	445.0833333333333
ationcallyoughteing                               	NULL	NULL	NULL	445.83534136546183
ationcallyoughteing                               	amalgedu pack #x                                  	NULL	NULL	445.83534136546183
ationcallyoughteing                               	amalgedu pack #x                                  	womens                                            	NULL	445.83534136546183
ationcallyoughteing                               	amalgedu pack #x                                  	womens                                            	Shoes                                             	445.83534136546183
antiablebarantiought                              	NULL	NULL	NULL	446.05555555555554
antiablebarantiought                              	scholarbrand #x                                   	NULL	NULL	446.05555555555554
antiablebarantiought                              	scholarbrand #x                                   	custom                                            	NULL	446.05555555555554
antiablebarantiought                              	scholarbrand #x                                   	custom                                            	Jewelry                                           	446.05555555555554
ationantiationeseought                            	NULL	NULL	NULL	446.33870967741933
ationantiationeseought                            	amalgimporto #x                                   	NULL	NULL	446.33870967741933
ationantiationeseought                            	amalgimporto #x                                   	accessories                                       	NULL	446.33870967741933
ationantiationeseought                            	amalgimporto #x                                   	accessories                                       	Men                                               	446.33870967741933
pricallypriationought                             	NULL	NULL	NULL	446.96
pricallypriationought                             	maxibrand #x                                      	NULL	NULL	446.96
pricallypriationought                             	maxibrand #x                                      	mattresses                                        	NULL	446.96
pricallypriationought                             	maxibrand #x                                      	mattresses                                        	Home                                              	446.96
ationcallyn stbarought                            	NULL	NULL	NULL	446.9918032786885
ationcallyn stbarought                            	corpbrand #x                                      	NULL	NULL	446.9918032786885
ationcallyn stbarought                            	corpbrand #x                                      	rugs                                              	NULL	446.9918032786885
ationcallyn stbarought                            	corpbrand #x                                      	rugs                                              	Home                                              	446.9918032786885
ationeseoughtpri                                  	NULL	NULL	NULL	447.0769230769231
ationeseoughtpri                                  	edu packamalg #x                                  	NULL	NULL	447.0769230769231
ationeseoughtpri                                  	edu packamalg #x                                  	swimwear                                          	NULL	447.0769230769231
ationeseoughtpri                                  	edu packamalg #x                                  	swimwear                                          	Women                                             	447.0769230769231
anticallyese                                      	NULL	NULL	NULL	447.4313725490196
anticallyese                                      	amalgcorp #x                                      	NULL	NULL	447.4313725490196
anticallyese                                      	amalgcorp #x                                      	birdal                                            	NULL	447.4313725490196
anticallyese                                      	amalgcorp #x                                      	birdal                                            	Jewelry                                           	447.4313725490196
n stpriprioughtought                              	NULL	NULL	NULL	447.6375
n stpriprioughtought                              	scholarbrand #x                                  	NULL	NULL	447.6375
n stpriprioughtought                              	scholarbrand #x                                  	blinds/shades                                     	NULL	447.6375
n stpriprioughtought                              	scholarbrand #x                                  	blinds/shades                                     	Home                                              	447.6375
oughtantioughteing                                	NULL	NULL	NULL	448.08097165991904
oughtantioughteing                                	univmaxi #x                                       	NULL	NULL	448.08097165991904
oughtantioughteing                                	univmaxi #x                                       	pools                                             	NULL	448.08097165991904
oughtantioughteing                                	univmaxi #x                                       	pools                                             	Sports                                            	448.08097165991904
n steseeseationought                              	NULL	NULL	NULL	448.1769547325103
n steseeseationought                              	exportiunivamalg #x                               	NULL	NULL	448.1769547325103
n steseeseationought                              	exportiunivamalg #x                               	self-help                                         	NULL	448.1769547325103
n steseeseationought                              	exportiunivamalg #x                               	self-help                                         	Books                                             	448.1769547325103
