-- Automatically generated by SQLQueryTestSuite
-- !query
SELECT 'first line'
' - next line'
	' - third line'
	AS `Three lines to one`
-- !query analysis
Project [first line - next line - third line AS Three lines to one#x]
+- OneRowRelation


-- !query
SELECT 'first line'
' - next line' /* this comment is not allowed here */
' - third line'
	AS `Illegal comment within continuation`
-- !query analysis
Project [first line - next line - third line AS Illegal comment within continuation#x]
+- OneRowRelation


-- !query
SELECT binary('\\xDeAdBeEf')
-- !query analysis
Project [cast(\xDeAdBeEf as binary) AS \xDeAdBeEf#x]
+- OneRowRelation


-- !query
SELECT binary('\\x De Ad Be Ef ')
-- !query analysis
Project [cast(\x De Ad Be Ef  as binary) AS \x De Ad Be Ef #x]
+- OneRowRelation


-- !query
SELECT binary('\\xDe00BeEf')
-- !query analysis
Project [cast(\xDe00BeEf as binary) AS \xDe00BeEf#x]
+- OneRowRelation


-- !query
SELECT binary('DeAdBeEf')
-- !query analysis
Project [cast(DeAdBeEf as binary) AS DeAdBeEf#x]
+- OneRowRelation


-- !query
SELECT binary('De\\000dBeEf')
-- !query analysis
Project [cast(De\000dBeEf as binary) AS De\000dBeEf#x]
+- OneRowRelation


-- !query
SELECT binary('De\\123dBeEf')
-- !query analysis
Project [cast(De\123dBeEf as binary) AS De\123dBeEf#x]
+- OneRowRelation


-- !query
SELECT TRIM(BOTH FROM '  bunch o blanks  ') = 'bunch o blanks' AS `bunch o blanks`
-- !query analysis
Project [(trim(  bunch o blanks  , None) = bunch o blanks) AS bunch o blanks#x]
+- OneRowRelation


-- !query
SELECT TRIM(LEADING FROM '  bunch o blanks  ') = 'bunch o blanks  ' AS `bunch o blanks  `
-- !query analysis
Project [(ltrim(  bunch o blanks  , None) = bunch o blanks  ) AS bunch o blanks  #x]
+- OneRowRelation


-- !query
SELECT TRIM(TRAILING FROM '  bunch o blanks  ') = '  bunch o blanks' AS `  bunch o blanks`
-- !query analysis
Project [(rtrim(  bunch o blanks  , None) =   bunch o blanks) AS   bunch o blanks#x]
+- OneRowRelation


-- !query
SELECT TRIM(BOTH 'x' FROM 'xxxxxsome Xsxxxxx') = 'some Xs' AS `some Xs`
-- !query analysis
Project [(trim(xxxxxsome Xsxxxxx, Some(x)) = some Xs) AS some Xs#x]
+- OneRowRelation


-- !query
SELECT SUBSTRING('1234567890' FROM 3) = '34567890' AS `34567890`
-- !query analysis
Project [(substring(1234567890, 3, 2147483647) = 34567890) AS 34567890#x]
+- OneRowRelation


-- !query
SELECT SUBSTRING('1234567890' FROM 4 FOR 3) = '456' AS `456`
-- !query analysis
Project [(substring(1234567890, 4, 3) = 456) AS 456#x]
+- OneRowRelation


-- !query
SELECT POSITION('4' IN '1234567890') = '4' AS `4`
-- !query analysis
Project [(cast(locate(4, 1234567890, 1) as bigint) = cast(4 as bigint)) AS 4#x]
+- OneRowRelation


-- !query
SELECT POSITION('5' IN '1234567890') = '5' AS `5`
-- !query analysis
Project [(cast(locate(5, 1234567890, 1) as bigint) = cast(5 as bigint)) AS 5#x]
+- OneRowRelation


-- !query
SELECT OVERLAY('abcdef' PLACING '45' FROM 4) AS `abc45f`
-- !query analysis
Project [overlay(abcdef, 45, 4, -1) AS abc45f#x]
+- OneRowRelation


-- !query
SELECT OVERLAY('yabadoo' PLACING 'daba' FROM 5) AS `yabadaba`
-- !query analysis
Project [overlay(yabadoo, daba, 5, -1) AS yabadaba#x]
+- OneRowRelation


-- !query
SELECT OVERLAY('yabadoo' PLACING 'daba' FROM 5 FOR 0) AS `yabadabadoo`
-- !query analysis
Project [overlay(yabadoo, daba, 5, 0) AS yabadabadoo#x]
+- OneRowRelation


-- !query
SELECT OVERLAY('babosa' PLACING 'ubb' FROM 2 FOR 4) AS `bubba`
-- !query analysis
Project [overlay(babosa, ubb, 2, 4) AS bubba#x]
+- OneRowRelation


-- !query
SELECT 'hawkeye' LIKE 'h%' AS `true`
-- !query analysis
Project [hawkeye LIKE h% AS true#x]
+- OneRowRelation


-- !query
SELECT 'hawkeye' NOT LIKE 'h%' AS `false`
-- !query analysis
Project [NOT hawkeye LIKE h% AS false#x]
+- OneRowRelation


-- !query
SELECT 'hawkeye' LIKE 'H%' AS `false`
-- !query analysis
Project [hawkeye LIKE H% AS false#x]
+- OneRowRelation


-- !query
SELECT 'hawkeye' NOT LIKE 'H%' AS `true`
-- !query analysis
Project [NOT hawkeye LIKE H% AS true#x]
+- OneRowRelation


-- !query
SELECT 'hawkeye' LIKE 'indio%' AS `false`
-- !query analysis
Project [hawkeye LIKE indio% AS false#x]
+- OneRowRelation


-- !query
SELECT 'hawkeye' NOT LIKE 'indio%' AS `true`
-- !query analysis
Project [NOT hawkeye LIKE indio% AS true#x]
+- OneRowRelation


-- !query
SELECT 'hawkeye' LIKE 'h%eye' AS `true`
-- !query analysis
Project [hawkeye LIKE h%eye AS true#x]
+- OneRowRelation


-- !query
SELECT 'hawkeye' NOT LIKE 'h%eye' AS `false`
-- !query analysis
Project [NOT hawkeye LIKE h%eye AS false#x]
+- OneRowRelation


-- !query
SELECT 'indio' LIKE '_ndio' AS `true`
-- !query analysis
Project [indio LIKE _ndio AS true#x]
+- OneRowRelation


-- !query
SELECT 'indio' NOT LIKE '_ndio' AS `false`
-- !query analysis
Project [NOT indio LIKE _ndio AS false#x]
+- OneRowRelation


-- !query
SELECT 'indio' LIKE 'in__o' AS `true`
-- !query analysis
Project [indio LIKE in__o AS true#x]
+- OneRowRelation


-- !query
SELECT 'indio' NOT LIKE 'in__o' AS `false`
-- !query analysis
Project [NOT indio LIKE in__o AS false#x]
+- OneRowRelation


-- !query
SELECT 'indio' LIKE 'in_o' AS `false`
-- !query analysis
Project [indio LIKE in_o AS false#x]
+- OneRowRelation


-- !query
SELECT 'indio' NOT LIKE 'in_o' AS `true`
-- !query analysis
Project [NOT indio LIKE in_o AS true#x]
+- OneRowRelation


-- !query
SELECT 'hawkeye' LIKE 'h%' ESCAPE '#' AS `true`
-- !query analysis
Project [hawkeye LIKE h% ESCAPE '#' AS true#x]
+- OneRowRelation


-- !query
SELECT 'hawkeye' NOT LIKE 'h%' ESCAPE '#' AS `false`
-- !query analysis
Project [NOT hawkeye LIKE h% ESCAPE '#' AS false#x]
+- OneRowRelation


-- !query
SELECT 'indio' LIKE 'ind_o' ESCAPE '$' AS `true`
-- !query analysis
Project [indio LIKE ind_o ESCAPE '$' AS true#x]
+- OneRowRelation


-- !query
SELECT 'indio' NOT LIKE 'ind_o' ESCAPE '$' AS `false`
-- !query analysis
Project [NOT indio LIKE ind_o ESCAPE '$' AS false#x]
+- OneRowRelation


-- !query
SELECT 'h%' LIKE 'h#%' ESCAPE '#' AS `true`
-- !query analysis
Project [h% LIKE h#% ESCAPE '#' AS true#x]
+- OneRowRelation


-- !query
SELECT 'h%' NOT LIKE 'h#%' ESCAPE '#' AS `false`
-- !query analysis
Project [NOT h% LIKE h#% ESCAPE '#' AS false#x]
+- OneRowRelation


-- !query
SELECT 'h%wkeye' LIKE 'h#%' ESCAPE '#' AS `false`
-- !query analysis
Project [h%wkeye LIKE h#% ESCAPE '#' AS false#x]
+- OneRowRelation


-- !query
SELECT 'h%wkeye' NOT LIKE 'h#%' ESCAPE '#' AS `true`
-- !query analysis
Project [NOT h%wkeye LIKE h#% ESCAPE '#' AS true#x]
+- OneRowRelation


-- !query
SELECT 'h%wkeye' LIKE 'h#%%' ESCAPE '#' AS `true`
-- !query analysis
Project [h%wkeye LIKE h#%% ESCAPE '#' AS true#x]
+- OneRowRelation


-- !query
SELECT 'h%wkeye' NOT LIKE 'h#%%' ESCAPE '#' AS `false`
-- !query analysis
Project [NOT h%wkeye LIKE h#%% ESCAPE '#' AS false#x]
+- OneRowRelation


-- !query
SELECT 'h%awkeye' LIKE 'h#%a%k%e' ESCAPE '#' AS `true`
-- !query analysis
Project [h%awkeye LIKE h#%a%k%e ESCAPE '#' AS true#x]
+- OneRowRelation


-- !query
SELECT 'h%awkeye' NOT LIKE 'h#%a%k%e' ESCAPE '#' AS `false`
-- !query analysis
Project [NOT h%awkeye LIKE h#%a%k%e ESCAPE '#' AS false#x]
+- OneRowRelation


-- !query
SELECT 'indio' LIKE '_ndio' ESCAPE '$' AS `true`
-- !query analysis
Project [indio LIKE _ndio ESCAPE '$' AS true#x]
+- OneRowRelation


-- !query
SELECT 'indio' NOT LIKE '_ndio' ESCAPE '$' AS `false`
-- !query analysis
Project [NOT indio LIKE _ndio ESCAPE '$' AS false#x]
+- OneRowRelation


-- !query
SELECT 'i_dio' LIKE 'i$_d_o' ESCAPE '$' AS `true`
-- !query analysis
Project [i_dio LIKE i$_d_o ESCAPE '$' AS true#x]
+- OneRowRelation


-- !query
SELECT 'i_dio' NOT LIKE 'i$_d_o' ESCAPE '$' AS `false`
-- !query analysis
Project [NOT i_dio LIKE i$_d_o ESCAPE '$' AS false#x]
+- OneRowRelation


-- !query
SELECT 'i_dio' LIKE 'i$_nd_o' ESCAPE '$' AS `false`
-- !query analysis
Project [i_dio LIKE i$_nd_o ESCAPE '$' AS false#x]
+- OneRowRelation


-- !query
SELECT 'i_dio' NOT LIKE 'i$_nd_o' ESCAPE '$' AS `true`
-- !query analysis
Project [NOT i_dio LIKE i$_nd_o ESCAPE '$' AS true#x]
+- OneRowRelation


-- !query
SELECT 'i_dio' LIKE 'i$_d%o' ESCAPE '$' AS `true`
-- !query analysis
Project [i_dio LIKE i$_d%o ESCAPE '$' AS true#x]
+- OneRowRelation


-- !query
SELECT 'i_dio' NOT LIKE 'i$_d%o' ESCAPE '$' AS `false`
-- !query analysis
Project [NOT i_dio LIKE i$_d%o ESCAPE '$' AS false#x]
+- OneRowRelation


-- !query
SELECT 'maca' LIKE 'm%aca' ESCAPE '%' AS `true`
-- !query analysis
Project [maca LIKE m%aca ESCAPE '%' AS true#x]
+- OneRowRelation


-- !query
SELECT 'maca' NOT LIKE 'm%aca' ESCAPE '%' AS `false`
-- !query analysis
Project [NOT maca LIKE m%aca ESCAPE '%' AS false#x]
+- OneRowRelation


-- !query
SELECT 'ma%a' LIKE 'm%a%%a' ESCAPE '%' AS `true`
-- !query analysis
Project [ma%a LIKE m%a%%a ESCAPE '%' AS true#x]
+- OneRowRelation


-- !query
SELECT 'ma%a' NOT LIKE 'm%a%%a' ESCAPE '%' AS `false`
-- !query analysis
Project [NOT ma%a LIKE m%a%%a ESCAPE '%' AS false#x]
+- OneRowRelation


-- !query
SELECT 'bear' LIKE 'b_ear' ESCAPE '_' AS `true`
-- !query analysis
Project [bear LIKE b_ear ESCAPE '_' AS true#x]
+- OneRowRelation


-- !query
SELECT 'bear' NOT LIKE 'b_ear' ESCAPE '_' AS `false`
-- !query analysis
Project [NOT bear LIKE b_ear ESCAPE '_' AS false#x]
+- OneRowRelation


-- !query
SELECT 'be_r' LIKE 'b_e__r' ESCAPE '_' AS `true`
-- !query analysis
Project [be_r LIKE b_e__r ESCAPE '_' AS true#x]
+- OneRowRelation


-- !query
SELECT 'be_r' NOT LIKE 'b_e__r' ESCAPE '_' AS `false`
-- !query analysis
Project [NOT be_r LIKE b_e__r ESCAPE '_' AS false#x]
+- OneRowRelation


-- !query
SELECT 'be_r' LIKE '__e__r' ESCAPE '_' AS `false`
-- !query analysis
Project [be_r LIKE __e__r ESCAPE '_' AS false#x]
+- OneRowRelation


-- !query
SELECT 'be_r' NOT LIKE '__e__r' ESCAPE '_' AS `true`
-- !query analysis
Project [NOT be_r LIKE __e__r ESCAPE '_' AS true#x]
+- OneRowRelation


-- !query
SELECT 'foo' LIKE '_%' as t, 'f' LIKE '_%' as t, '' LIKE '_%' as f
-- !query analysis
Project [foo LIKE _% AS t#x, f LIKE _% AS t#x,  LIKE _% AS f#x]
+- OneRowRelation


-- !query
SELECT 'foo' LIKE '%_' as t, 'f' LIKE '%_' as t, '' LIKE '%_' as f
-- !query analysis
Project [foo LIKE %_ AS t#x, f LIKE %_ AS t#x,  LIKE %_ AS f#x]
+- OneRowRelation


-- !query
SELECT 'foo' LIKE '__%' as t, 'foo' LIKE '___%' as t, 'foo' LIKE '____%' as f
-- !query analysis
Project [foo LIKE __% AS t#x, foo LIKE ___% AS t#x, foo LIKE ____% AS f#x]
+- OneRowRelation


-- !query
SELECT 'foo' LIKE '%__' as t, 'foo' LIKE '%___' as t, 'foo' LIKE '%____' as f
-- !query analysis
Project [foo LIKE %__ AS t#x, foo LIKE %___ AS t#x, foo LIKE %____ AS f#x]
+- OneRowRelation


-- !query
SELECT 'jack' LIKE '%____%' AS t
-- !query analysis
Project [jack LIKE %____% AS t#x]
+- OneRowRelation


-- !query
SELECT 'unknown' || ' and unknown' AS `Concat unknown types`
-- !query analysis
Project [concat(unknown,  and unknown) AS Concat unknown types#x]
+- OneRowRelation


-- !query
SELECT string('text') || ' and unknown' AS `Concat text to unknown type`
-- !query analysis
Project [concat(cast(text as string),  and unknown) AS Concat text to unknown type#x]
+- OneRowRelation


-- !query
CREATE TABLE toasttest(f1 string) USING parquet
-- !query analysis
CreateDataSourceTableCommand `spark_catalog`.`default`.`toasttest`, false


-- !query
insert into toasttest values(repeat('1234567890',10000))
-- !query analysis
InsertIntoHadoopFsRelationCommand file:[not included in comparison]/{warehouse_dir}/toasttest, false, Parquet, [path=file:[not included in comparison]/{warehouse_dir}/toasttest], Append, `spark_catalog`.`default`.`toasttest`, org.apache.spark.sql.execution.datasources.InMemoryFileIndex(file:[not included in comparison]/{warehouse_dir}/toasttest), [f1]
+- Project [cast(col1#x as string) AS f1#x]
   +- LocalRelation [col1#x]


-- !query
insert into toasttest values(repeat('1234567890',10000))
-- !query analysis
InsertIntoHadoopFsRelationCommand file:[not included in comparison]/{warehouse_dir}/toasttest, false, Parquet, [path=file:[not included in comparison]/{warehouse_dir}/toasttest], Append, `spark_catalog`.`default`.`toasttest`, org.apache.spark.sql.execution.datasources.InMemoryFileIndex(file:[not included in comparison]/{warehouse_dir}/toasttest), [f1]
+- Project [cast(col1#x as string) AS f1#x]
   +- LocalRelation [col1#x]


-- !query
insert into toasttest values(repeat('1234567890',10000))
-- !query analysis
InsertIntoHadoopFsRelationCommand file:[not included in comparison]/{warehouse_dir}/toasttest, false, Parquet, [path=file:[not included in comparison]/{warehouse_dir}/toasttest], Append, `spark_catalog`.`default`.`toasttest`, org.apache.spark.sql.execution.datasources.InMemoryFileIndex(file:[not included in comparison]/{warehouse_dir}/toasttest), [f1]
+- Project [cast(col1#x as string) AS f1#x]
   +- LocalRelation [col1#x]


-- !query
insert into toasttest values(repeat('1234567890',10000))
-- !query analysis
InsertIntoHadoopFsRelationCommand file:[not included in comparison]/{warehouse_dir}/toasttest, false, Parquet, [path=file:[not included in comparison]/{warehouse_dir}/toasttest], Append, `spark_catalog`.`default`.`toasttest`, org.apache.spark.sql.execution.datasources.InMemoryFileIndex(file:[not included in comparison]/{warehouse_dir}/toasttest), [f1]
+- Project [cast(col1#x as string) AS f1#x]
   +- LocalRelation [col1#x]


-- !query
SELECT substr(f1, 99995) from toasttest
-- !query analysis
Project [substr(f1#x, 99995, 2147483647) AS substr(f1, 99995, 2147483647)#x]
+- SubqueryAlias spark_catalog.default.toasttest
   +- Relation spark_catalog.default.toasttest[f1#x] parquet


-- !query
SELECT substr(f1, 99995, 10) from toasttest
-- !query analysis
Project [substr(f1#x, 99995, 10) AS substr(f1, 99995, 10)#x]
+- SubqueryAlias spark_catalog.default.toasttest
   +- Relation spark_catalog.default.toasttest[f1#x] parquet


-- !query
SELECT length('abcdef') AS `length_6`
-- !query analysis
Project [length(abcdef) AS length_6#x]
+- OneRowRelation


-- !query
SELECT position('cd', 'abcdef') AS `pos_3`
-- !query analysis
Project [position(cd, abcdef, 1) AS pos_3#x]
+- OneRowRelation


-- !query
SELECT position('xy', 'abcdef') AS `pos_0`
-- !query analysis
Project [position(xy, abcdef, 1) AS pos_0#x]
+- OneRowRelation


-- !query
SELECT replace('abcdef', 'de', '45') AS `abc45f`
-- !query analysis
Project [replace(abcdef, de, 45) AS abc45f#x]
+- OneRowRelation


-- !query
SELECT replace('yabadabadoo', 'ba', '123') AS `ya123da123doo`
-- !query analysis
Project [replace(yabadabadoo, ba, 123) AS ya123da123doo#x]
+- OneRowRelation


-- !query
SELECT replace('yabadoo', 'bad', '') AS `yaoo`
-- !query analysis
Project [replace(yabadoo, bad, ) AS yaoo#x]
+- OneRowRelation


-- !query
select hex(256*256*256 - 1) AS `ffffff`
-- !query analysis
Project [hex(cast((((256 * 256) * 256) - 1) as bigint)) AS ffffff#x]
+- OneRowRelation


-- !query
select hex(bigint(bigint(bigint(bigint(256)*256)*256)*256) - 1) AS `ffffffff`
-- !query analysis
Project [hex((cast((cast((cast((cast(256 as bigint) * cast(256 as bigint)) as bigint) * cast(256 as bigint)) as bigint) * cast(256 as bigint)) as bigint) - cast(1 as bigint))) AS ffffffff#x]
+- OneRowRelation


-- !query
select md5('') = 'd41d8cd98f00b204e9800998ecf8427e' AS `TRUE`
-- !query analysis
Project [(md5(cast( as binary)) = d41d8cd98f00b204e9800998ecf8427e) AS TRUE#x]
+- OneRowRelation


-- !query
select md5('a') = '0cc175b9c0f1b6a831c399e269772661' AS `TRUE`
-- !query analysis
Project [(md5(cast(a as binary)) = 0cc175b9c0f1b6a831c399e269772661) AS TRUE#x]
+- OneRowRelation


-- !query
select md5('abc') = '900150983cd24fb0d6963f7d28e17f72' AS `TRUE`
-- !query analysis
Project [(md5(cast(abc as binary)) = 900150983cd24fb0d6963f7d28e17f72) AS TRUE#x]
+- OneRowRelation


-- !query
select md5('message digest') = 'f96b697d7cb7938d525a2f31aaf161d0' AS `TRUE`
-- !query analysis
Project [(md5(cast(message digest as binary)) = f96b697d7cb7938d525a2f31aaf161d0) AS TRUE#x]
+- OneRowRelation


-- !query
select md5('abcdefghijklmnopqrstuvwxyz') = 'c3fcd3d76192e4007dfb496cca67e13b' AS `TRUE`
-- !query analysis
Project [(md5(cast(abcdefghijklmnopqrstuvwxyz as binary)) = c3fcd3d76192e4007dfb496cca67e13b) AS TRUE#x]
+- OneRowRelation


-- !query
select md5('ABCDEFGHIJKLMNOPQRSTUVWXYZabcdefghijklmnopqrstuvwxyz0123456789') = 'd174ab98d277d9f5a5611c2c9f419d9f' AS `TRUE`
-- !query analysis
Project [(md5(cast(ABCDEFGHIJKLMNOPQRSTUVWXYZabcdefghijklmnopqrstuvwxyz0123456789 as binary)) = d174ab98d277d9f5a5611c2c9f419d9f) AS TRUE#x]
+- OneRowRelation


-- !query
select md5('12345678901234567890123456789012345678901234567890123456789012345678901234567890') = '57edf4a22be3c955ac49da2e2107b67a' AS `TRUE`
-- !query analysis
Project [(md5(cast(12345678901234567890123456789012345678901234567890123456789012345678901234567890 as binary)) = 57edf4a22be3c955ac49da2e2107b67a) AS TRUE#x]
+- OneRowRelation


-- !query
select md5(binary('')) = 'd41d8cd98f00b204e9800998ecf8427e' AS `TRUE`
-- !query analysis
Project [(md5(cast( as binary)) = d41d8cd98f00b204e9800998ecf8427e) AS TRUE#x]
+- OneRowRelation


-- !query
select md5(binary('a')) = '0cc175b9c0f1b6a831c399e269772661' AS `TRUE`
-- !query analysis
Project [(md5(cast(a as binary)) = 0cc175b9c0f1b6a831c399e269772661) AS TRUE#x]
+- OneRowRelation


-- !query
select md5(binary('abc')) = '900150983cd24fb0d6963f7d28e17f72' AS `TRUE`
-- !query analysis
Project [(md5(cast(abc as binary)) = 900150983cd24fb0d6963f7d28e17f72) AS TRUE#x]
+- OneRowRelation


-- !query
select md5(binary('message digest')) = 'f96b697d7cb7938d525a2f31aaf161d0' AS `TRUE`
-- !query analysis
Project [(md5(cast(message digest as binary)) = f96b697d7cb7938d525a2f31aaf161d0) AS TRUE#x]
+- OneRowRelation


-- !query
select md5(binary('abcdefghijklmnopqrstuvwxyz')) = 'c3fcd3d76192e4007dfb496cca67e13b' AS `TRUE`
-- !query analysis
Project [(md5(cast(abcdefghijklmnopqrstuvwxyz as binary)) = c3fcd3d76192e4007dfb496cca67e13b) AS TRUE#x]
+- OneRowRelation


-- !query
select md5(binary('ABCDEFGHIJKLMNOPQRSTUVWXYZabcdefghijklmnopqrstuvwxyz0123456789')) = 'd174ab98d277d9f5a5611c2c9f419d9f' AS `TRUE`
-- !query analysis
Project [(md5(cast(ABCDEFGHIJKLMNOPQRSTUVWXYZabcdefghijklmnopqrstuvwxyz0123456789 as binary)) = d174ab98d277d9f5a5611c2c9f419d9f) AS TRUE#x]
+- OneRowRelation


-- !query
select md5(binary('12345678901234567890123456789012345678901234567890123456789012345678901234567890')) = '57edf4a22be3c955ac49da2e2107b67a' AS `TRUE`
-- !query analysis
Project [(md5(cast(12345678901234567890123456789012345678901234567890123456789012345678901234567890 as binary)) = 57edf4a22be3c955ac49da2e2107b67a) AS TRUE#x]
+- OneRowRelation


-- !query
SELECT initcap('hi THOMAS')
-- !query analysis
Project [initcap(hi THOMAS) AS initcap(hi THOMAS)#x]
+- OneRowRelation


-- !query
SELECT lpad('hi', 5, 'xy')
-- !query analysis
Project [lpad(hi, 5, xy) AS lpad(hi, 5, xy)#x]
+- OneRowRelation


-- !query
SELECT lpad('hi', 5)
-- !query analysis
Project [lpad(hi, 5,  ) AS lpad(hi, 5,  )#x]
+- OneRowRelation


-- !query
SELECT lpad('hi', -5, 'xy')
-- !query analysis
Project [lpad(hi, -5, xy) AS lpad(hi, -5, xy)#x]
+- OneRowRelation


-- !query
SELECT lpad('hello', 2)
-- !query analysis
Project [lpad(hello, 2,  ) AS lpad(hello, 2,  )#x]
+- OneRowRelation


-- !query
SELECT lpad('hi', 5, '')
-- !query analysis
Project [lpad(hi, 5, ) AS lpad(hi, 5, )#x]
+- OneRowRelation


-- !query
SELECT rpad('hi', 5, 'xy')
-- !query analysis
Project [rpad(hi, 5, xy) AS rpad(hi, 5, xy)#x]
+- OneRowRelation


-- !query
SELECT rpad('hi', 5)
-- !query analysis
Project [rpad(hi, 5,  ) AS rpad(hi, 5,  )#x]
+- OneRowRelation


-- !query
SELECT rpad('hi', -5, 'xy')
-- !query analysis
Project [rpad(hi, -5, xy) AS rpad(hi, -5, xy)#x]
+- OneRowRelation


-- !query
SELECT rpad('hello', 2)
-- !query analysis
Project [rpad(hello, 2,  ) AS rpad(hello, 2,  )#x]
+- OneRowRelation


-- !query
SELECT rpad('hi', 5, '')
-- !query analysis
Project [rpad(hi, 5, ) AS rpad(hi, 5, )#x]
+- OneRowRelation


-- !query
SELECT translate('', '14', 'ax')
-- !query analysis
Project [translate(, 14, ax) AS translate(, 14, ax)#x]
+- OneRowRelation


-- !query
SELECT translate('12345', '14', 'ax')
-- !query analysis
Project [translate(12345, 14, ax) AS translate(12345, 14, ax)#x]
+- OneRowRelation


-- !query
SELECT ascii('x')
-- !query analysis
Project [ascii(x) AS ascii(x)#x]
+- OneRowRelation


-- !query
SELECT ascii('')
-- !query analysis
Project [ascii() AS ascii()#x]
+- OneRowRelation


-- !query
SELECT chr(65)
-- !query analysis
Project [chr(cast(65 as bigint)) AS chr(65)#x]
+- OneRowRelation


-- !query
SELECT chr(0)
-- !query analysis
Project [chr(cast(0 as bigint)) AS chr(0)#x]
+- OneRowRelation


-- !query
SELECT repeat('Pg', 4)
-- !query analysis
Project [repeat(Pg, 4) AS repeat(Pg, 4)#x]
+- OneRowRelation


-- !query
SELECT repeat('Pg', -4)
-- !query analysis
Project [repeat(Pg, -4) AS repeat(Pg, -4)#x]
+- OneRowRelation


-- !query
SELECT trim(binary('\\000') from binary('\\000Tom\\000'))
-- !query analysis
Project [trim(cast(cast(\000Tom\000 as binary) as string), Some(cast(cast(\000 as binary) as string))) AS TRIM(BOTH \000 FROM \000Tom\000)#x]
+- OneRowRelation


-- !query
SELECT btrim(binary('\\000trim\\000'), binary('\\000'))
-- !query analysis
Project [btrim(cast(\000trim\000 as binary), cast(\000 as binary)) AS btrim(\000trim\000, \000)#x]
+- OneRowRelation


-- !query
SELECT btrim(binary(''), binary('\\000'))
-- !query analysis
Project [btrim(cast( as binary), cast(\000 as binary)) AS btrim(, \000)#x]
+- OneRowRelation


-- !query
SELECT btrim(binary('\\000trim\\000'), binary(''))
-- !query analysis
Project [btrim(cast(\000trim\000 as binary), cast( as binary)) AS btrim(\000trim\000, )#x]
+- OneRowRelation


-- !query
DROP TABLE toasttest
-- !query analysis
DropTable false, false
+- ResolvedIdentifier V2SessionCatalog(spark_catalog), default.toasttest
