-- Automatically generated by SQLQueryTestSuite
-- !query
SELECT round(25y, 1)
-- !query schema
struct<round(25, 1):tinyint>
-- !query output
25


-- !query
SELECT round(25y, 0)
-- !query schema
struct<round(25, 0):tinyint>
-- !query output
25


-- !query
SELECT round(25y, -1)
-- !query schema
struct<round(25, -1):tinyint>
-- !query output
30


-- !query
SELECT round(25y, -2)
-- !query schema
struct<round(25, -2):tinyint>
-- !query output
0


-- !query
SELECT round(25y, -3)
-- !query schema
struct<round(25, -3):tinyint>
-- !query output
0


-- !query
SELECT round(127y, -1)
-- !query schema
struct<round(127, -1):tinyint>
-- !query output
-126


-- !query
SELECT round(-128y, -1)
-- !query schema
struct<round(-128, -1):tinyint>
-- !query output
126


-- !query
SELECT round(525s, 1)
-- !query schema
struct<round(525, 1):smallint>
-- !query output
525


-- !query
SELECT round(525s, 0)
-- !query schema
struct<round(525, 0):smallint>
-- !query output
525


-- !query
SELECT round(525s, -1)
-- !query schema
struct<round(525, -1):smallint>
-- !query output
530


-- !query
SELECT round(525s, -2)
-- !query schema
struct<round(525, -2):smallint>
-- !query output
500


-- !query
SELECT round(525s, -3)
-- !query schema
struct<round(525, -3):smallint>
-- !query output
1000


-- !query
SELECT round(32767s, -1)
-- !query schema
struct<round(32767, -1):smallint>
-- !query output
-32766


-- !query
SELECT round(-32768s, -1)
-- !query schema
struct<round(-32768, -1):smallint>
-- !query output
32766


-- !query
SELECT round(525, 1)
-- !query schema
struct<round(525, 1):int>
-- !query output
525


-- !query
SELECT round(525, 0)
-- !query schema
struct<round(525, 0):int>
-- !query output
525


-- !query
SELECT round(525, -1)
-- !query schema
struct<round(525, -1):int>
-- !query output
530


-- !query
SELECT round(525, -2)
-- !query schema
struct<round(525, -2):int>
-- !query output
500


-- !query
SELECT round(525, -3)
-- !query schema
struct<round(525, -3):int>
-- !query output
1000


-- !query
SELECT round(2147483647, -1)
-- !query schema
struct<round(2147483647, -1):int>
-- !query output
-2147483646


-- !query
SELECT round(-2147483647, -1)
-- !query schema
struct<round(-2147483647, -1):int>
-- !query output
2147483646


-- !query
SELECT round(525L, 1)
-- !query schema
struct<round(525, 1):bigint>
-- !query output
525


-- !query
SELECT round(525L, 0)
-- !query schema
struct<round(525, 0):bigint>
-- !query output
525


-- !query
SELECT round(525L, -1)
-- !query schema
struct<round(525, -1):bigint>
-- !query output
530


-- !query
SELECT round(525L, -2)
-- !query schema
struct<round(525, -2):bigint>
-- !query output
500


-- !query
SELECT round(525L, -3)
-- !query schema
struct<round(525, -3):bigint>
-- !query output
1000


-- !query
SELECT round(9223372036854775807L, -1)
-- !query schema
struct<round(9223372036854775807, -1):bigint>
-- !query output
-9223372036854775806


-- !query
SELECT round(-9223372036854775808L, -1)
-- !query schema
struct<round(-9223372036854775808, -1):bigint>
-- !query output
9223372036854775806


-- !query
SELECT bround(25y, 1)
-- !query schema
struct<bround(25, 1):tinyint>
-- !query output
25


-- !query
SELECT bround(25y, 0)
-- !query schema
struct<bround(25, 0):tinyint>
-- !query output
25


-- !query
SELECT bround(25y, -1)
-- !query schema
struct<bround(25, -1):tinyint>
-- !query output
20


-- !query
SELECT bround(25y, -2)
-- !query schema
struct<bround(25, -2):tinyint>
-- !query output
0


-- !query
SELECT bround(25y, -3)
-- !query schema
struct<bround(25, -3):tinyint>
-- !query output
0


-- !query
SELECT bround(127y, -1)
-- !query schema
struct<bround(127, -1):tinyint>
-- !query output
-126


-- !query
SELECT bround(-128y, -1)
-- !query schema
struct<bround(-128, -1):tinyint>
-- !query output
126


-- !query
SELECT bround(525s, 1)
-- !query schema
struct<bround(525, 1):smallint>
-- !query output
525


-- !query
SELECT bround(525s, 0)
-- !query schema
struct<bround(525, 0):smallint>
-- !query output
525


-- !query
SELECT bround(525s, -1)
-- !query schema
struct<bround(525, -1):smallint>
-- !query output
520


-- !query
SELECT bround(525s, -2)
-- !query schema
struct<bround(525, -2):smallint>
-- !query output
500


-- !query
SELECT bround(525s, -3)
-- !query schema
struct<bround(525, -3):smallint>
-- !query output
1000


-- !query
SELECT bround(32767s, -1)
-- !query schema
struct<bround(32767, -1):smallint>
-- !query output
-32766


-- !query
SELECT bround(-32768s, -1)
-- !query schema
struct<bround(-32768, -1):smallint>
-- !query output
32766


-- !query
SELECT bround(525, 1)
-- !query schema
struct<bround(525, 1):int>
-- !query output
525


-- !query
SELECT bround(525, 0)
-- !query schema
struct<bround(525, 0):int>
-- !query output
525


-- !query
SELECT bround(525, -1)
-- !query schema
struct<bround(525, -1):int>
-- !query output
520


-- !query
SELECT bround(525, -2)
-- !query schema
struct<bround(525, -2):int>
-- !query output
500


-- !query
SELECT bround(525, -3)
-- !query schema
struct<bround(525, -3):int>
-- !query output
1000


-- !query
SELECT bround(2147483647, -1)
-- !query schema
struct<bround(2147483647, -1):int>
-- !query output
-2147483646


-- !query
SELECT bround(-2147483647, -1)
-- !query schema
struct<bround(-2147483647, -1):int>
-- !query output
2147483646


-- !query
SELECT bround(525L, 1)
-- !query schema
struct<bround(525, 1):bigint>
-- !query output
525


-- !query
SELECT bround(525L, 0)
-- !query schema
struct<bround(525, 0):bigint>
-- !query output
525


-- !query
SELECT bround(525L, -1)
-- !query schema
struct<bround(525, -1):bigint>
-- !query output
520


-- !query
SELECT bround(525L, -2)
-- !query schema
struct<bround(525, -2):bigint>
-- !query output
500


-- !query
SELECT bround(525L, -3)
-- !query schema
struct<bround(525, -3):bigint>
-- !query output
1000


-- !query
SELECT bround(9223372036854775807L, -1)
-- !query schema
struct<bround(9223372036854775807, -1):bigint>
-- !query output
-9223372036854775806


-- !query
SELECT bround(-9223372036854775808L, -1)
-- !query schema
struct<bround(-9223372036854775808, -1):bigint>
-- !query output
9223372036854775806


-- !query
SELECT conv('100', 2, 10)
-- !query schema
struct<conv(100, 2, 10):string>
-- !query output
4


-- !query
SELECT conv(-10, 16, -10)
-- !query schema
struct<conv(-10, 16, -10):string>
-- !query output
-16


-- !query
SELECT conv('9223372036854775808', 10, 16)
-- !query schema
struct<conv(9223372036854775808, 10, 16):string>
-- !query output
8000000000000000


-- !query
SELECT conv('92233720368547758070', 10, 16)
-- !query schema
struct<conv(92233720368547758070, 10, 16):string>
-- !query output
FFFFFFFFFFFFFFFF


-- !query
SELECT conv('9223372036854775807', 36, 10)
-- !query schema
struct<conv(9223372036854775807, 36, 10):string>
-- !query output
18446744073709551615


-- !query
SELECT conv('-9223372036854775807', 36, 10)
-- !query schema
struct<conv(-9223372036854775807, 36, 10):string>
-- !query output
18446744073709551615


-- !query
SELECT BIN(0)
-- !query schema
struct<bin(0):string>
-- !query output
0


-- !query
SELECT BIN(25)
-- !query schema
struct<bin(25):string>
-- !query output
11001


-- !query
SELECT BIN(25L)
-- !query schema
struct<bin(25):string>
-- !query output
11001


-- !query
SELECT BIN(25.5)
-- !query schema
struct<bin(25.5):string>
-- !query output
11001


-- !query
SELECT POSITIVE(0Y)
-- !query schema
struct<(+ 0):tinyint>
-- !query output
0


-- !query
SELECT POSITIVE(25)
-- !query schema
struct<(+ 25):int>
-- !query output
25


-- !query
SELECT POSITIVE(-25L)
-- !query schema
struct<(+ -25):bigint>
-- !query output
-25


-- !query
SELECT POSITIVE(25.5)
-- !query schema
struct<(+ 25.5):decimal(3,1)>
-- !query output
25.5


-- !query
SELECT POSITIVE("25.5")
-- !query schema
struct<(+ 25.5):double>
-- !query output
25.5


-- !query
SELECT POSITIVE("invalid")
-- !query schema
struct<(+ invalid):double>
-- !query output
NULL


-- !query
SELECT POSITIVE(null)
-- !query schema
struct<(+ NULL):double>
-- !query output
NULL
