-- Automatically generated by SQLQueryTestSuite
-- !query
SELECT X''
-- !query analysis
Project [0x AS X''#x]
+- OneRowRelation


-- !query
SELECT X'4561736F6E2059616F20323031382D31312D31373A31333A33333A3333'
-- !query analysis
Project [0x4561736F6E2059616F20323031382D31312D31373A31333A33333A3333 AS X'4561736F6E2059616F20323031382D31312D31373A31333A33333A3333'#x]
+- OneRowRelation


-- !query
SELECT CAST('Spark' as BINARY)
-- !query analysis
Project [cast(Spark as binary) AS CAST(Spark AS BINARY)#x]
+- OneRowRelation


-- !query
SELECT array( X'', X'4561736F6E2059616F20323031382D31312D31373A31333A33333A3333', CAST('Spark' as BINARY))
-- !query analysis
Project [array(0x, 0x4561736F6E2059616F20323031382D31312D31373A31333A33333A3333, cast(Spark as binary)) AS array(X'', X'4561736F6E2059616F20323031382D31312D31373A31333A33333A3333', CAST(Spark AS BINARY))#x]
+- OneRowRelation


-- !query
SELECT to_csv(named_struct('n', 1, 'info', X'4561736F6E2059616F20323031382D31312D31373A31333A33333A3333'))
-- !query analysis
Project [to_csv(named_struct(n, 1, info, 0x4561736F6E2059616F20323031382D31312D31373A31333A33333A3333), Some(America/Los_Angeles)) AS to_csv(named_struct(n, 1, info, X'4561736F6E2059616F20323031382D31312D31373A31333A33333A3333'))#x]
+- OneRowRelation
