-- Automatically generated by SQLQueryTestSuite
-- !query
SELECT COUNT(NULL) FROM VALUES 1, 2, 3
-- !query analysis
Aggregate [count(null) AS count(NULL)#xL]
+- LocalRelation [col1#x]


-- !query
SELECT COUNT(1 + NULL) FROM VALUES 1, 2, 3
-- !query analysis
Aggregate [count((1 + cast(null as int))) AS count((1 + NULL))#xL]
+- LocalRelation [col1#x]


-- !query
SELECT COUNT(NULL) OVER () FROM VALUES 1, 2, 3
-- !query analysis
Project [count(NULL) OVER (ROWS BETWEEN UNBOUNDED PRECEDING AND UNBOUNDED FOLLOWING)#xL]
+- Project [count(NULL) OVER (ROWS BETWEEN UNBOUNDED PRECEDING AND UNBOUNDED FOLLOWING)#xL, count(NULL) OVER (ROWS BETWEEN UNBOUNDED PRECEDING AND UNBOUNDED FOLLOWING)#xL]
   +- Window [count(null) windowspecdefinition(specifiedwindowframe(RowFrame, unboundedpreceding$(), unboundedfollowing$())) AS count(NULL) OVER (ROWS BETWEEN UNBOUNDED PRECEDING AND UNBOUNDED FOLLOWING)#xL]
      +- Project
         +- LocalRelation [col1#x]


-- !query
SELECT COUNT(1 + NULL) OVER () FROM VALUES 1, 2, 3
-- !query analysis
Project [count((1 + NULL)) OVER (ROWS BETWEEN UNBOUNDED PRECEDING AND UNBOUNDED FOLLOWING)#xL]
+- Project [count((1 + NULL)) OVER (ROWS BETWEEN UNBOUNDED PRECEDING AND UNBOUNDED FOLLOWING)#xL, count((1 + NULL)) OVER (ROWS BETWEEN UNBOUNDED PRECEDING AND UNBOUNDED FOLLOWING)#xL]
   +- Window [count((1 + cast(null as int))) windowspecdefinition(specifiedwindowframe(RowFrame, unboundedpreceding$(), unboundedfollowing$())) AS count((1 + NULL)) OVER (ROWS BETWEEN UNBOUNDED PRECEDING AND UNBOUNDED FOLLOWING)#xL]
      +- Project
         +- LocalRelation [col1#x]
