-- Automatically generated by SQLQueryTestSuite
-- !query
create temporary view data as select * from values
  (1, 1),
  (1, 2),
  (2, 1),
  (2, 2),
  (3, 1),
  (3, 2)
  as data(a, b)
-- !query analysis
CreateViewCommand `data`, select * from values
  (1, 1),
  (1, 2),
  (2, 1),
  (2, 2),
  (3, 1),
  (3, 2)
  as data(a, b), false, false, LocalTempView, UNSUPPORTED, true
   +- Project [a#x, b#x]
      +- SubqueryAlias data
         +- LocalRelation [a#x, b#x]


-- !query
select * from data order by 1 desc
-- !query analysis
Sort [a#x DESC NULLS LAST], true
+- Project [a#x, b#x]
   +- SubqueryAlias data
      +- View (`data`, [a#x, b#x])
         +- Project [cast(a#x as int) AS a#x, cast(b#x as int) AS b#x]
            +- Project [a#x, b#x]
               +- SubqueryAlias data
                  +- LocalRelation [a#x, b#x]


-- !query
select * from data order by 1 desc, b desc
-- !query analysis
Sort [a#x DESC NULLS LAST, b#x DESC NULLS LAST], true
+- Project [a#x, b#x]
   +- SubqueryAlias data
      +- View (`data`, [a#x, b#x])
         +- Project [cast(a#x as int) AS a#x, cast(b#x as int) AS b#x]
            +- Project [a#x, b#x]
               +- SubqueryAlias data
                  +- LocalRelation [a#x, b#x]


-- !query
select * from data order by 1 desc, 2 desc
-- !query analysis
Sort [a#x DESC NULLS LAST, b#x DESC NULLS LAST], true
+- Project [a#x, b#x]
   +- SubqueryAlias data
      +- View (`data`, [a#x, b#x])
         +- Project [cast(a#x as int) AS a#x, cast(b#x as int) AS b#x]
            +- Project [a#x, b#x]
               +- SubqueryAlias data
                  +- LocalRelation [a#x, b#x]


-- !query
select * from data order by 1 + 0 desc, b desc
-- !query analysis
Sort [(1 + 0) DESC NULLS LAST, b#x DESC NULLS LAST], true
+- Project [a#x, b#x]
   +- SubqueryAlias data
      +- View (`data`, [a#x, b#x])
         +- Project [cast(a#x as int) AS a#x, cast(b#x as int) AS b#x]
            +- Project [a#x, b#x]
               +- SubqueryAlias data
                  +- LocalRelation [a#x, b#x]


-- !query
select * from data order by 0
-- !query analysis
org.apache.spark.sql.AnalysisException
{
  "errorClass" : "ORDER_BY_POS_OUT_OF_RANGE",
  "sqlState" : "42805",
  "messageParameters" : {
    "index" : "0",
    "size" : "2"
  },
  "queryContext" : [ {
    "objectType" : "",
    "objectName" : "",
    "startIndex" : 29,
    "stopIndex" : 29,
    "fragment" : "0"
  } ]
}


-- !query
select * from data order by -1
-- !query analysis
org.apache.spark.sql.AnalysisException
{
  "errorClass" : "ORDER_BY_POS_OUT_OF_RANGE",
  "sqlState" : "42805",
  "messageParameters" : {
    "index" : "-1",
    "size" : "2"
  },
  "queryContext" : [ {
    "objectType" : "",
    "objectName" : "",
    "startIndex" : 29,
    "stopIndex" : 30,
    "fragment" : "-1"
  } ]
}


-- !query
select * from data order by 3
-- !query analysis
org.apache.spark.sql.AnalysisException
{
  "errorClass" : "ORDER_BY_POS_OUT_OF_RANGE",
  "sqlState" : "42805",
  "messageParameters" : {
    "index" : "3",
    "size" : "2"
  },
  "queryContext" : [ {
    "objectType" : "",
    "objectName" : "",
    "startIndex" : 29,
    "stopIndex" : 29,
    "fragment" : "3"
  } ]
}


-- !query
select * from data sort by 1 desc
-- !query analysis
Sort [a#x DESC NULLS LAST], false
+- Project [a#x, b#x]
   +- SubqueryAlias data
      +- View (`data`, [a#x, b#x])
         +- Project [cast(a#x as int) AS a#x, cast(b#x as int) AS b#x]
            +- Project [a#x, b#x]
               +- SubqueryAlias data
                  +- LocalRelation [a#x, b#x]


-- !query
set spark.sql.orderByOrdinal=false
-- !query analysis
SetCommand (spark.sql.orderByOrdinal,Some(false))


-- !query
select * from data order by 0
-- !query analysis
Sort [0 ASC NULLS FIRST], true
+- Project [a#x, b#x]
   +- SubqueryAlias data
      +- View (`data`, [a#x, b#x])
         +- Project [cast(a#x as int) AS a#x, cast(b#x as int) AS b#x]
            +- Project [a#x, b#x]
               +- SubqueryAlias data
                  +- LocalRelation [a#x, b#x]


-- !query
select * from data sort by 0
-- !query analysis
Sort [0 ASC NULLS FIRST], false
+- Project [a#x, b#x]
   +- SubqueryAlias data
      +- View (`data`, [a#x, b#x])
         +- Project [cast(a#x as int) AS a#x, cast(b#x as int) AS b#x]
            +- Project [a#x, b#x]
               +- SubqueryAlias data
                  +- LocalRelation [a#x, b#x]
