-- Automatically generated by SQLQueryTestSuite
-- !query
CREATE DATABASE mydb1
-- !query analysis
CreateNamespace false
+- ResolvedNamespace V2SessionCatalog(spark_catalog), [mydb1]


-- !query
USE mydb1
-- !query analysis
SetCatalogAndNamespace
+- ResolvedNamespace V2SessionCatalog(spark_catalog), [mydb1]


-- !query
CREATE TABLE t1 USING parquet AS SELECT 1 AS i1
-- !query analysis
CreateDataSourceTableAsSelectCommand `spark_catalog`.`mydb1`.`t1`, ErrorIfExists, [i1]
   +- Project [1 AS i1#x]
      +- OneRowRelation


-- !query
SELECT mydb1.t1 FROM t1 TABLESAMPLE (-1 PERCENT)
-- !query analysis
org.apache.spark.sql.catalyst.parser.ParseException
{
  "errorClass" : "_LEGACY_ERROR_TEMP_0064",
  "messageParameters" : {
    "msg" : "Sampling fraction (-0.01) must be on interval [0, 1]"
  },
  "queryContext" : [ {
    "objectType" : "",
    "objectName" : "",
    "startIndex" : 25,
    "stopIndex" : 48,
    "fragment" : "TABLESAMPLE (-1 PERCENT)"
  } ]
}


-- !query
SELECT mydb1.t1 FROM t1 TABLESAMPLE (101 PERCENT)
-- !query analysis
org.apache.spark.sql.catalyst.parser.ParseException
{
  "errorClass" : "_LEGACY_ERROR_TEMP_0064",
  "messageParameters" : {
    "msg" : "Sampling fraction (1.01) must be on interval [0, 1]"
  },
  "queryContext" : [ {
    "objectType" : "",
    "objectName" : "",
    "startIndex" : 25,
    "stopIndex" : 49,
    "fragment" : "TABLESAMPLE (101 PERCENT)"
  } ]
}


-- !query
DROP DATABASE mydb1 CASCADE
-- !query analysis
DropNamespace false, true
+- ResolvedNamespace V2SessionCatalog(spark_catalog), [mydb1]
