-- Automatically generated by SQLQueryTestSuite
-- !query
select try_to_timestamp(null), try_to_timestamp('2016-12-31 00:12:00'), try_to_timestamp('2016-12-31', 'yyyy-MM-dd')
-- !query analysis
Project [try_to_timestamp(cast(null as string), None, TimestampType, Some(America/Los_Angeles), false) AS try_to_timestamp(NULL)#x, try_to_timestamp(2016-12-31 00:12:00, None, TimestampType, Some(America/Los_Angeles), false) AS try_to_timestamp(2016-12-31 00:12:00)#x, try_to_timestamp(2016-12-31, Some(yyyy-MM-dd), TimestampType, Some(America/Los_Angeles), false) AS try_to_timestamp(2016-12-31, yyyy-MM-dd)#x]
+- OneRowRelation


-- !query
select try_to_timestamp(1)
-- !query analysis
Project [try_to_timestamp(1, None, TimestampType, Some(America/Los_Angeles), false) AS try_to_timestamp(1)#x]
+- OneRowRelation


-- !query
select try_to_timestamp('2016-12-31 abc')
-- !query analysis
Project [try_to_timestamp(2016-12-31 abc, None, TimestampType, Some(America/Los_Angeles), false) AS try_to_timestamp(2016-12-31 abc)#x]
+- OneRowRelation


-- !query
select try_to_timestamp('2019-10-06 10:11:12.', 'yyyy-MM-dd HH:mm:ss.SSSSSS[zzz]')
-- !query analysis
Project [try_to_timestamp(2019-10-06 10:11:12., Some(yyyy-MM-dd HH:mm:ss.SSSSSS[zzz]), TimestampType, Some(America/Los_Angeles), false) AS try_to_timestamp(2019-10-06 10:11:12., yyyy-MM-dd HH:mm:ss.SSSSSS[zzz])#x]
+- OneRowRelation


-- !query
select try_to_timestamp("02-29", "MM-dd")
-- !query analysis
Project [try_to_timestamp(02-29, Some(MM-dd), TimestampType, Some(America/Los_Angeles), false) AS try_to_timestamp(02-29, MM-dd)#x]
+- OneRowRelation


-- !query
select try_to_timestamp('22 05 2020 Friday', 'dd MM yyyy EEEEEE')
-- !query analysis
Project [try_to_timestamp(22 05 2020 Friday, Some(dd MM yyyy EEEEEE), TimestampType, Some(America/Los_Angeles), false) AS try_to_timestamp(22 05 2020 Friday, dd MM yyyy EEEEEE)#x]
+- OneRowRelation
