-- Automatically generated by SQLQueryTestSuite
-- !query
DROP TABLE IF EXISTS t
-- !query analysis
DropTable true, false
+- ResolvedIdentifier V2SessionCatalog(spark_catalog), default.t


-- !query
CREATE TABLE t(c1 INT NOT NULL) USING PARQUET
-- !query analysis
CreateDataSourceTableCommand `spark_catalog`.`default`.`t`, false


-- !query
CREATE OR REPLACE VIEW v WITH SCHEMA BINDING AS SELECT * FROM t
-- !query analysis
CreateViewCommand `spark_catalog`.`default`.`v`, SELECT * FROM t, false, true, PersistedView, BINDING, true
   +- Project [c1#x]
      +- SubqueryAlias spark_catalog.default.t
         +- Relation spark_catalog.default.t[c1#x] parquet


-- !query
SELECT * FROM v
-- !query analysis
Project [c1#x]
+- SubqueryAlias spark_catalog.default.v
   +- View (`spark_catalog`.`default`.`v`, [c1#x])
      +- Project [cast(c1#x as int) AS c1#x]
         +- Project [c1#x]
            +- SubqueryAlias spark_catalog.default.t
               +- Relation spark_catalog.default.t[c1#x] parquet


-- !query
DESCRIBE EXTENDED v
-- !query analysis
DescribeTableCommand `spark_catalog`.`default`.`v`, true, [col_name#x, data_type#x, comment#x]


-- !query
DROP TABLE t
-- !query analysis
DropTable false, false
+- ResolvedIdentifier V2SessionCatalog(spark_catalog), default.t


-- !query
CREATE TABLE t(c1 BIGINT NOT NULL) USING PARQUET
-- !query analysis
CreateDataSourceTableCommand `spark_catalog`.`default`.`t`, false


-- !query
SELECT * FROM v
-- !query analysis
org.apache.spark.sql.AnalysisException
{
  "errorClass" : "CANNOT_UP_CAST_DATATYPE",
  "sqlState" : "42846",
  "messageParameters" : {
    "details" : "The type path of the target object is:\n\nYou can either add an explicit cast to the input data or choose a higher precision type of the field in the target object",
    "expression" : "spark_catalog.default.t.c1",
    "sourceType" : "\"BIGINT\"",
    "targetType" : "\"INT\""
  }
}


-- !query
DESCRIBE EXTENDED v
-- !query analysis
DescribeTableCommand `spark_catalog`.`default`.`v`, true, [col_name#x, data_type#x, comment#x]


-- !query
DROP TABLE IF EXISTS t
-- !query analysis
DropTable true, false
+- ResolvedIdentifier V2SessionCatalog(spark_catalog), default.t


-- !query
CREATE TABLE t(c1 INT, c2 INT) USING PARQUET
-- !query analysis
CreateDataSourceTableCommand `spark_catalog`.`default`.`t`, false


-- !query
CREATE OR REPLACE VIEW v WITH SCHEMA BINDING AS SELECT * FROM t
-- !query analysis
CreateViewCommand `spark_catalog`.`default`.`v`, SELECT * FROM t, false, true, PersistedView, BINDING, true
   +- Project [c1#x, c2#x]
      +- SubqueryAlias spark_catalog.default.t
         +- Relation spark_catalog.default.t[c1#x,c2#x] parquet


-- !query
SELECT * FROM v
-- !query analysis
Project [c1#x, c2#x]
+- SubqueryAlias spark_catalog.default.v
   +- View (`spark_catalog`.`default`.`v`, [c1#x, c2#x])
      +- Project [cast(c1#x as int) AS c1#x, cast(c2#x as int) AS c2#x]
         +- Project [c1#x, c2#x]
            +- SubqueryAlias spark_catalog.default.t
               +- Relation spark_catalog.default.t[c1#x,c2#x] parquet


-- !query
DESCRIBE EXTENDED v
-- !query analysis
DescribeTableCommand `spark_catalog`.`default`.`v`, true, [col_name#x, data_type#x, comment#x]


-- !query
DROP TABLE t
-- !query analysis
DropTable false, false
+- ResolvedIdentifier V2SessionCatalog(spark_catalog), default.t


-- !query
CREATE TABLE t(c1 INT) USING PARQUET
-- !query analysis
CreateDataSourceTableCommand `spark_catalog`.`default`.`t`, false


-- !query
SELECT * FROM v
-- !query analysis
org.apache.spark.sql.AnalysisException
{
  "errorClass" : "INCOMPATIBLE_VIEW_SCHEMA_CHANGE",
  "sqlState" : "51024",
  "messageParameters" : {
    "actualCols" : "[]",
    "colName" : "c2",
    "expectedNum" : "1",
    "suggestion" : "CREATE OR REPLACE VIEW spark_catalog.default.v AS SELECT * FROM t",
    "viewName" : "`spark_catalog`.`default`.`v`"
  }
}


-- !query
DESCRIBE EXTENDED v
-- !query analysis
DescribeTableCommand `spark_catalog`.`default`.`v`, true, [col_name#x, data_type#x, comment#x]


-- !query
SET spark.sql.legacy.viewSchemaCompensation=false
-- !query analysis
SetCommand (spark.sql.legacy.viewSchemaCompensation,Some(false))


-- !query
DROP TABLE IF EXISTS t
-- !query analysis
DropTable true, false
+- ResolvedIdentifier V2SessionCatalog(spark_catalog), default.t


-- !query
CREATE TABLE t(c1 INT NOT NULL) USING PARQUET
-- !query analysis
CreateDataSourceTableCommand `spark_catalog`.`default`.`t`, false


-- !query
CREATE OR REPLACE VIEW v AS SELECT * FROM t
-- !query analysis
CreateViewCommand `spark_catalog`.`default`.`v`, SELECT * FROM t, false, true, PersistedView, BINDING, true
   +- Project [c1#x]
      +- SubqueryAlias spark_catalog.default.t
         +- Relation spark_catalog.default.t[c1#x] parquet


-- !query
SELECT * FROM v
-- !query analysis
Project [c1#x]
+- SubqueryAlias spark_catalog.default.v
   +- View (`spark_catalog`.`default`.`v`, [c1#x])
      +- Project [cast(c1#x as int) AS c1#x]
         +- Project [c1#x]
            +- SubqueryAlias spark_catalog.default.t
               +- Relation spark_catalog.default.t[c1#x] parquet


-- !query
DESCRIBE EXTENDED v
-- !query analysis
DescribeTableCommand `spark_catalog`.`default`.`v`, true, [col_name#x, data_type#x, comment#x]


-- !query
ALTER VIEW v WITH SCHEMA BINDING
-- !query analysis
AlterViewSchemaBindingCommand `spark_catalog`.`default`.`v`, BINDING


-- !query
DESCRIBE EXTENDED v
-- !query analysis
DescribeTableCommand `spark_catalog`.`default`.`v`, true, [col_name#x, data_type#x, comment#x]


-- !query
DROP TABLE t
-- !query analysis
DropTable false, false
+- ResolvedIdentifier V2SessionCatalog(spark_catalog), default.t


-- !query
CREATE TABLE t(c1 BIGINT NOT NULL) USING PARQUET
-- !query analysis
CreateDataSourceTableCommand `spark_catalog`.`default`.`t`, false


-- !query
SELECT * FROM v
-- !query analysis
org.apache.spark.sql.AnalysisException
{
  "errorClass" : "CANNOT_UP_CAST_DATATYPE",
  "sqlState" : "42846",
  "messageParameters" : {
    "details" : "The type path of the target object is:\n\nYou can either add an explicit cast to the input data or choose a higher precision type of the field in the target object",
    "expression" : "spark_catalog.default.t.c1",
    "sourceType" : "\"BIGINT\"",
    "targetType" : "\"INT\""
  }
}


-- !query
DESCRIBE EXTENDED v
-- !query analysis
DescribeTableCommand `spark_catalog`.`default`.`v`, true, [col_name#x, data_type#x, comment#x]


-- !query
DROP VIEW IF EXISTS v
-- !query analysis
DropTableCommand `spark_catalog`.`default`.`v`, true, true, false


-- !query
DROP TABLE IF EXISTS t
-- !query analysis
DropTable true, false
+- ResolvedIdentifier V2SessionCatalog(spark_catalog), default.t
