-- Automatically generated by SQLQueryTestSuite
-- !query
SELECT udf(x) FROM (VALUES (1), (2), (NULL)) v(x)
-- !query schema
struct<udf(x):int>
-- !query output
1
2
NULL


-- !query
SELECT udf(x) FROM (VALUES ('A'), ('B'), (NULL)) v(x)
-- !query schema
struct<udf(x):string>
-- !query output
A
B
NULL


-- !query
SELECT udf(x) FROM (VALUES ('NaN'), ('1'), ('2')) v(x)
-- !query schema
struct<udf(x):string>
-- !query output
1
2
NaN


-- !query
SELECT udf(x) FROM (VALUES ('Infinity'), ('1'), ('2')) v(x)
-- !query schema
struct<udf(x):string>
-- !query output
1
2
Infinity


-- !query
SELECT udf(x) FROM (VALUES ('-Infinity'), ('1'), ('2')) v(x)
-- !query schema
struct<udf(x):string>
-- !query output
-Infinity
1
2


-- !query
SELECT udf(x) FROM (VALUES 0.00000001, 0.00000002, 0.00000003) v(x)
-- !query schema
struct<udf(x):decimal(8,8)>
-- !query output
0.00000001
0.00000002
0.00000003
